Archive member included to satisfy reference by file (symbol)

C:/ST/STM32CubeIDE_1.18.0/STM32CubeIDE/plugins/com.st.stm32cube.ide.mcu.externaltools.gnu-tools-for-stm32.13.3.rel1.win32_1.0.0.202411081344/tools/bin/../lib/gcc/arm-none-eabi/13.3.1/../../../../arm-none-eabi/lib/thumb/v7e-m+fp/hard\libc_nano.a(libc_a-exit.o)
                              C:/ST/STM32CubeIDE_1.18.0/STM32CubeIDE/plugins/com.st.stm32cube.ide.mcu.externaltools.gnu-tools-for-stm32.13.3.rel1.win32_1.0.0.202411081344/tools/bin/../lib/gcc/arm-none-eabi/13.3.1/../../../../arm-none-eabi/lib/thumb/v7e-m+fp/hard/crt0.o (exit)
C:/ST/STM32CubeIDE_1.18.0/STM32CubeIDE/plugins/com.st.stm32cube.ide.mcu.externaltools.gnu-tools-for-stm32.13.3.rel1.win32_1.0.0.202411081344/tools/bin/../lib/gcc/arm-none-eabi/13.3.1/../../../../arm-none-eabi/lib/thumb/v7e-m+fp/hard\libc_nano.a(libc_a-malloc.o)
                              ./Core/Src/main.o (malloc)
C:/ST/STM32CubeIDE_1.18.0/STM32CubeIDE/plugins/com.st.stm32cube.ide.mcu.externaltools.gnu-tools-for-stm32.13.3.rel1.win32_1.0.0.202411081344/tools/bin/../lib/gcc/arm-none-eabi/13.3.1/../../../../arm-none-eabi/lib/thumb/v7e-m+fp/hard\libc_nano.a(libc_a-mallocr.o)
                              C:/ST/STM32CubeIDE_1.18.0/STM32CubeIDE/plugins/com.st.stm32cube.ide.mcu.externaltools.gnu-tools-for-stm32.13.3.rel1.win32_1.0.0.202411081344/tools/bin/../lib/gcc/arm-none-eabi/13.3.1/../../../../arm-none-eabi/lib/thumb/v7e-m+fp/hard\libc_nano.a(libc_a-malloc.o) (_malloc_r)
C:/ST/STM32CubeIDE_1.18.0/STM32CubeIDE/plugins/com.st.stm32cube.ide.mcu.externaltools.gnu-tools-for-stm32.13.3.rel1.win32_1.0.0.202411081344/tools/bin/../lib/gcc/arm-none-eabi/13.3.1/../../../../arm-none-eabi/lib/thumb/v7e-m+fp/hard\libc_nano.a(libc_a-mlock.o)
                              C:/ST/STM32CubeIDE_1.18.0/STM32CubeIDE/plugins/com.st.stm32cube.ide.mcu.externaltools.gnu-tools-for-stm32.13.3.rel1.win32_1.0.0.202411081344/tools/bin/../lib/gcc/arm-none-eabi/13.3.1/../../../../arm-none-eabi/lib/thumb/v7e-m+fp/hard\libc_nano.a(libc_a-mallocr.o) (__malloc_lock)
C:/ST/STM32CubeIDE_1.18.0/STM32CubeIDE/plugins/com.st.stm32cube.ide.mcu.externaltools.gnu-tools-for-stm32.13.3.rel1.win32_1.0.0.202411081344/tools/bin/../lib/gcc/arm-none-eabi/13.3.1/../../../../arm-none-eabi/lib/thumb/v7e-m+fp/hard\libc_nano.a(libc_a-findfp.o)
                              C:/ST/STM32CubeIDE_1.18.0/STM32CubeIDE/plugins/com.st.stm32cube.ide.mcu.externaltools.gnu-tools-for-stm32.13.3.rel1.win32_1.0.0.202411081344/tools/bin/../lib/gcc/arm-none-eabi/13.3.1/../../../../arm-none-eabi/lib/thumb/v7e-m+fp/hard\libc_nano.a(libc_a-exit.o) (__stdio_exit_handler)
C:/ST/STM32CubeIDE_1.18.0/STM32CubeIDE/plugins/com.st.stm32cube.ide.mcu.externaltools.gnu-tools-for-stm32.13.3.rel1.win32_1.0.0.202411081344/tools/bin/../lib/gcc/arm-none-eabi/13.3.1/../../../../arm-none-eabi/lib/thumb/v7e-m+fp/hard\libc_nano.a(libc_a-fwalk.o)
                              C:/ST/STM32CubeIDE_1.18.0/STM32CubeIDE/plugins/com.st.stm32cube.ide.mcu.externaltools.gnu-tools-for-stm32.13.3.rel1.win32_1.0.0.202411081344/tools/bin/../lib/gcc/arm-none-eabi/13.3.1/../../../../arm-none-eabi/lib/thumb/v7e-m+fp/hard\libc_nano.a(libc_a-findfp.o) (_fwalk_sglue)
C:/ST/STM32CubeIDE_1.18.0/STM32CubeIDE/plugins/com.st.stm32cube.ide.mcu.externaltools.gnu-tools-for-stm32.13.3.rel1.win32_1.0.0.202411081344/tools/bin/../lib/gcc/arm-none-eabi/13.3.1/../../../../arm-none-eabi/lib/thumb/v7e-m+fp/hard\libc_nano.a(libc_a-puts.o)
                              ./Core/Src/main.o (puts)
C:/ST/STM32CubeIDE_1.18.0/STM32CubeIDE/plugins/com.st.stm32cube.ide.mcu.externaltools.gnu-tools-for-stm32.13.3.rel1.win32_1.0.0.202411081344/tools/bin/../lib/gcc/arm-none-eabi/13.3.1/../../../../arm-none-eabi/lib/thumb/v7e-m+fp/hard\libc_nano.a(libc_a-stdio.o)
                              C:/ST/STM32CubeIDE_1.18.0/STM32CubeIDE/plugins/com.st.stm32cube.ide.mcu.externaltools.gnu-tools-for-stm32.13.3.rel1.win32_1.0.0.202411081344/tools/bin/../lib/gcc/arm-none-eabi/13.3.1/../../../../arm-none-eabi/lib/thumb/v7e-m+fp/hard\libc_nano.a(libc_a-findfp.o) (__sread)
C:/ST/STM32CubeIDE_1.18.0/STM32CubeIDE/plugins/com.st.stm32cube.ide.mcu.externaltools.gnu-tools-for-stm32.13.3.rel1.win32_1.0.0.202411081344/tools/bin/../lib/gcc/arm-none-eabi/13.3.1/../../../../arm-none-eabi/lib/thumb/v7e-m+fp/hard\libc_nano.a(libc_a-wbuf.o)
                              C:/ST/STM32CubeIDE_1.18.0/STM32CubeIDE/plugins/com.st.stm32cube.ide.mcu.externaltools.gnu-tools-for-stm32.13.3.rel1.win32_1.0.0.202411081344/tools/bin/../lib/gcc/arm-none-eabi/13.3.1/../../../../arm-none-eabi/lib/thumb/v7e-m+fp/hard\libc_nano.a(libc_a-puts.o) (__swbuf_r)
C:/ST/STM32CubeIDE_1.18.0/STM32CubeIDE/plugins/com.st.stm32cube.ide.mcu.externaltools.gnu-tools-for-stm32.13.3.rel1.win32_1.0.0.202411081344/tools/bin/../lib/gcc/arm-none-eabi/13.3.1/../../../../arm-none-eabi/lib/thumb/v7e-m+fp/hard\libc_nano.a(libc_a-wsetup.o)
[...]
Memory Configuration

Name             Origin             Length             Attributes
CCMRAM           0x10000000         0x00010000         xrw
RAM              0x20000000         0x00020000         xrw
FLASH            0x08000000         0x00100000         xr
*default*        0x00000000         0xffffffff

Linker script and memory map

LOAD C:/ST/STM32CubeIDE_1.18.0/STM32CubeIDE/plugins/com.st.stm32cube.ide.mcu.externaltools.gnu-tools-for-stm32.13.3.rel1.win32_1.0.0.202411081344/tools/bin/../lib/gcc/arm-none-eabi/13.3.1/thumb/v7e-m+fp/hard/crti.o
LOAD C:/ST/STM32CubeIDE_1.18.0/STM32CubeIDE/plugins/com.st.stm32cube.ide.mcu.externaltools.gnu-tools-for-stm32.13.3.rel1.win32_1.0.0.202411081344/tools/bin/../lib/gcc/arm-none-eabi/13.3.1/thumb/v7e-m+fp/hard/crtbegin.o
LOAD C:/ST/STM32CubeIDE_1.18.0/STM32CubeIDE/plugins/com.st.stm32cube.ide.mcu.externaltools.gnu-tools-for-stm32.13.3.rel1.win32_1.0.0.202411081344/tools/bin/../lib/gcc/arm-none-eabi/13.3.1/../../../../arm-none-eabi/lib/thumb/v7e-m+fp/hard/crt0.o
LOAD ./Core/Src/epos4.o
LOAD ./Core/Src/libcanard_canard.o
LOAD ./Core/Src/main.o
LOAD ./Core/Src/stm32f4xx_hal_msp.o
LOAD ./Core/Src/stm32f4xx_it.o
LOAD ./Core/Src/syscalls.o
LOAD ./Core/Src/sysmem.o
LOAD ./Core/Src/system_stm32f4xx.o
LOAD ./Core/Startup/startup_stm32f407vgtx.o
LOAD ./Drivers/STM32F4xx_HAL_Driver/Src/stm32f4xx_hal.o
LOAD ./Drivers/STM32F4xx_HAL_Driver/Src/stm32f4xx_hal_can.o
LOAD ./Drivers/STM32F4xx_HAL_Driver/Src/stm32f4xx_hal_cortex.o
LOAD ./Drivers/STM32F4xx_HAL_Driver/Src/stm32f4xx_hal_dma.o
LOAD ./Drivers/STM32F4xx_HAL_Driver/Src/stm32f4xx_hal_dma_ex.o
LOAD ./Drivers/STM32F4xx_HAL_Driver/Src/stm32f4xx_hal_exti.o
LOAD ./Drivers/STM32F4xx_HAL_Driver/Src/stm32f4xx_hal_flash.o
LOAD ./Drivers/STM32F4xx_HAL_Driver/Src/stm32f4xx_hal_flash_ex.o
LOAD ./Drivers/STM32F4xx_HAL_Driver/Src/stm32f4xx_hal_flash_ramfunc.o
LOAD ./Drivers/STM32F4xx_HAL_Driver/Src/stm32f4xx_hal_gpio.o
LOAD ./Drivers/STM32F4xx_HAL_Driver/Src/stm32f4xx_hal_hcd.o
LOAD ./Drivers/STM32F4xx_HAL_Driver/Src/stm32f4xx_hal_i2s.o
LOAD ./Drivers/STM32F4xx_HAL_Driver/Src/stm32f4xx_hal_i2s_ex.o
LOAD ./Drivers/STM32F4xx_HAL_Driver/Src/stm32f4xx_hal_iwdg.o
LOAD ./Drivers/STM32F4xx_HAL_Driver/Src/stm32f4xx_hal_pwr.o
LOAD ./Drivers/STM32F4xx_HAL_Driver/Src/stm32f4xx_hal_pwr_ex.o
LOAD ./Drivers/STM32F4xx_HAL_Driver/Src/stm32f4xx_hal_rcc.o
LOAD ./Drivers/STM32F4xx_HAL_Driver/Src/stm32f4xx_hal_rcc_ex.o
LOAD ./Drivers/STM32F4xx_HAL_Driver/Src/stm32f4xx_hal_spi.o
LOAD ./Drivers/STM32F4xx_HAL_Driver/Src/stm32f4xx_hal_tim.o
LOAD ./Drivers/STM32F4xx_HAL_Driver/Src/stm32f4xx_hal_tim_ex.o
LOAD ./Drivers/STM32F4xx_HAL_Driver/Src/stm32f4xx_ll_usb.o
LOAD ./Middlewares/ST/STM32_USB_Host_Library/Class/CDC/Src/usbh_cdc.o
LOAD ./Middlewares/ST/STM32_USB_Host_Library/Core/Src/usbh_core.o
LOAD ./Middlewares/ST/STM32_USB_Host_Library/Core/Src/usbh_ctlreq.o
LOAD ./Middlewares/ST/STM32_USB_Host_Library/Core/Src/usbh_ioreq.o
LOAD ./Middlewares/ST/STM32_USB_Host_Library/Core/Src/usbh_pipes.o
LOAD ./USB_HOST/App/usb_host.o
LOAD ./USB_HOST/Target/usbh_conf.o
LOAD ./USB_HOST/Target/usbh_platform.o
START GROUP
LOAD C:/ST/STM32CubeIDE_1.18.0/STM32CubeIDE/plugins/com.st.stm32cube.ide.mcu.externaltools.gnu-tools-for-stm32.13.3.rel1.win32_1.0.0.202411081344/tools/bin/../lib/gcc/arm-none-eabi/13.3.1/../../../../arm-none-eabi/lib/thumb/v7e-m+fp/hard\libc_nano.a
LOAD C:/ST/STM32CubeIDE_1.18.0/STM32CubeIDE/plugins/com.st.stm32cube.ide.mcu.externaltools.gnu-tools-for-stm32.13.3.rel1.win32_1.0.0.202411081344/tools/bin/../lib/gcc/arm-none-eabi/13.3.1/../../../../arm-none-eabi/lib/thumb/v7e-m+fp/hard\libm.a
END GROUP
START GROUP
LOAD C:/ST/STM32CubeIDE_1.18.0/STM32CubeIDE/plugins/com.st.stm32cube.ide.mcu.externaltools.gnu-tools-for-stm32.13.3.rel1.win32_1.0.0.202411081344/tools/bin/../lib/gcc/arm-none-eabi/13.3.1/thumb/v7e-m+fp/hard\libgcc.a
LOAD C:/ST/STM32CubeIDE_1.18.0/STM32CubeIDE/plugins/com.st.stm32cube.ide.mcu.externaltools.gnu-tools-for-stm32.13.3.rel1.win32_1.0.0.202411081344/tools/bin/../lib/gcc/arm-none-eabi/13.3.1/../../../../arm-none-eabi/lib/thumb/v7e-m+fp/hard\libc_nano.a
END GROUP
START GROUP
LOAD C:/ST/STM32CubeIDE_1.18.0/STM32CubeIDE/plugins/com.st.stm32cube.ide.mcu.externaltools.gnu-tools-for-stm32.13.3.rel1.win32_1.0.0.202411081344/tools/bin/../lib/gcc/arm-none-eabi/13.3.1/thumb/v7e-m+fp/hard\libgcc.a
LOAD C:/ST/STM32CubeIDE_1.18.0/STM32CubeIDE/plugins/com.st.stm32cube.ide.mcu.externaltools.gnu-tools-for-stm32.13.3.rel1.win32_1.0.0.202411081344/tools/bin/../lib/gcc/arm-none-eabi/13.3.1/../../../../arm-none-eabi/lib/thumb/v7e-m+fp/hard\libc_nano.a
LOAD C:/ST/STM32CubeIDE_1.18.0/STM32CubeIDE/plugins/com.st.stm32cube.ide.mcu.externaltools.gnu-tools-for-stm32.13.3.rel1.win32_1.0.0.202411081344/tools/bin/../lib/gcc/arm-none-eabi/13.3.1/../../../../arm-none-eabi/lib/thumb/v7e-m+fp/hard\libnosys.a
END GROUP
START GROUP
LOAD C:/ST/STM32CubeIDE_1.18.0/STM32CubeIDE/plugins/com.st.stm32cube.ide.mcu.externaltools.gnu-tools-for-stm32.13.3.rel1.win32_1.0.0.202411081344/tools/bin/../lib/gcc/arm-none-eabi/13.3.1/thumb/v7e-m+fp/hard\libgcc.a
LOAD C:/ST/STM32CubeIDE_1.18.0/STM32CubeIDE/plugins/com.st.stm32cube.ide.mcu.externaltools.gnu-tools-for-stm32.13.3.rel1.win32_1.0.0.202411081344/tools/bin/../lib/gcc/arm-none-eabi/13.3.1/../../../../arm-none-eabi/lib/thumb/v7e-m+fp/hard\libc_nano.a
LOAD C:/ST/STM32CubeIDE_1.18.0/STM32CubeIDE/plugins/com.st.stm32cube.ide.mcu.externaltools.gnu-tools-for-stm32.13.3.rel1.win32_1.0.0.202411081344/tools/bin/../lib/gcc/arm-none-eabi/13.3.1/../../../../arm-none-eabi/lib/thumb/v7e-m+fp/hard\libnosys.a
END GROUP
LOAD C:/ST/STM32CubeIDE_1.18.0/STM32CubeIDE/plugins/com.st.stm32cube.ide.mcu.externaltools.gnu-tools-for-stm32.13.3.rel1.win32_1.0.0.202411081344/tools/bin/../lib/gcc/arm-none-eabi/13.3.1/thumb/v7e-m+fp/hard/crtend.o
LOAD C:/ST/STM32CubeIDE_1.18.0/STM32CubeIDE/plugins/com.st.stm32cube.ide.mcu.externaltools.gnu-tools-for-stm32.13.3.rel1.win32_1.0.0.202411081344/tools/bin/../lib/gcc/arm-none-eabi/13.3.1/thumb/v7e-m+fp/hard/crtn.o
                0x20020000                        _estack = (ORIGIN (RAM) + LENGTH (RAM))
                0x00000200                        _Min_Heap_Size = 0x200
                0x00000400                        _Min_Stack_Size = 0x400

.isr_vector     0x08000000      0x188
                0x08000000                        . = ALIGN (0x4)
 *(.isr_vector)
 .isr_vector    0x08000000      0x188 ./Core/Startup/startup_stm32f407vgtx.o
                0x08000000                g_pfnVectors
                0x08000188                        . = ALIGN (0x4)

.text           0x08000188     0xfba8
                0x08000188                        . = ALIGN (0x4)
 *(.text)
 .text          0x08000188       0x40 C:/ST/STM32CubeIDE_1.18.0/STM32CubeIDE/plugins/com.st.stm32cube.ide.mcu.externaltools.gnu-tools-for-stm32.13.3.rel1.win32_1.0.0.202411081344/tools/bin/../lib/gcc/arm-none-eabi/13.3.1/thumb/v7e-m+fp/hard/crtbegin.o
 .text          0x080001c8       0x14 C:/ST/STM32CubeIDE_1.18.0/STM32CubeIDE/plugins/com.st.stm32cube.ide.mcu.externaltools.gnu-tools-for-stm32.13.3.rel1.win32_1.0.0.202411081344/tools/bin/../lib/gcc/arm-none-eabi/13.3.1/../../../../arm-none-eabi/lib/thumb/v7e-m+fp/hard\libc_nano.a(libc_a-strcmp.o)
                0x080001c8                strcmp
 .text          0x080001dc       0x10 C:/ST/STM32CubeIDE_1.18.0/STM32CubeIDE/plugins/com.st.stm32cube.ide.mcu.externaltools.gnu-tools-for-stm32.13.3.rel1.win32_1.0.0.202411081344/tools/bin/../lib/gcc/arm-none-eabi/13.3.1/../../../../arm-none-eabi/lib/thumb/v7e-m+fp/hard\libc_nano.a(libc_a-strlen.o)
                0x080001dc                strlen
 .text          0x080001ec      0x378 C:/ST/STM32CubeIDE_1.18.0/STM32CubeIDE/plugins/com.st.stm32cube.ide.mcu.externaltools.gnu-tools-for-stm32.13.3.rel1.win32_1.0.0.202411081344/tools/bin/../lib/gcc/arm-none-eabi/13.3.1/thumb/v7e-m+fp/hard\libgcc.a(_arm_addsubdf3.o)
                0x080001ec                __aeabi_drsub
                0x080001f4                __aeabi_dsub
                0x080001f4                __subdf3
                0x080001f8                __aeabi_dadd
                0x080001f8                __adddf3
                0x08000470                __floatunsidf
                0x08000470                __aeabi_ui2d
                0x08000490                __floatsidf
                0x08000490                __aeabi_i2d
                0x080004b4                __aeabi_f2d
                0x080004b4                __extendsfdf2
                0x080004f8                __floatundidf
                0x080004f8                __aeabi_ul2d
                0x08000508                __floatdidf
                0x08000508                __aeabi_l2d
 .text          0x08000564      0x21c C:/ST/STM32CubeIDE_1.18.0/STM32CubeIDE/plugins/com.st.stm32cube.ide.mcu.externaltools.gnu-tools-for-stm32.13.3.rel1.win32_1.0.0.202411081344/tools/bin/../lib/gcc/arm-none-eabi/13.3.1/thumb/v7e-m+fp/hard\libgcc.a(_arm_addsubsf3.o)
                0x08000564                __aeabi_frsub
                0x0800056c                __subsf3
                0x0800056c                __aeabi_fsub
                0x08000570                __aeabi_fadd
                0x08000570                __addsf3
                0x080006d0                __aeabi_ui2f
                0x080006d0                __floatunsisf
                0x080006d8                __aeabi_i2f
                0x080006d8                __floatsisf
                0x080006f4                __aeabi_ul2f
                0x080006f4                __floatundisf
                0x08000704                __aeabi_l2f
                0x08000704                __floatdisf
 .text          0x08000780       0x30 C:/ST/STM32CubeIDE_1.18.0/STM32CubeIDE/plugins/com.st.stm32cube.ide.mcu.externaltools.gnu-tools-for-stm32.13.3.rel1.win32_1.0.0.202411081344/tools/bin/../lib/gcc/arm-none-eabi/13.3.1/thumb/v7e-m+fp/hard\libgcc.a(_aeabi_uldivmod.o)
                0x08000780                __aeabi_uldivmod
 .text          0x080007b0      0x2f8 C:/ST/STM32CubeIDE_1.18.0/STM32CubeIDE/plugins/com.st.stm32cube.ide.mcu.externaltools.gnu-tools-for-stm32.13.3.rel1.win32_1.0.0.202411081344/tools/bin/../lib/gcc/arm-none-eabi/13.3.1/thumb/v7e-m+fp/hard\libgcc.a(_udivmoddi4.o)
                0x080007b0                __udivmoddi4
 .text          0x08000aa8        0x4 C:/ST/STM32CubeIDE_1.18.0/STM32CubeIDE/plugins/com.st.stm32cube.ide.mcu.externaltools.gnu-tools-for-stm32.13.3.rel1.win32_1.0.0.202411081344/tools/bin/../lib/gcc/arm-none-eabi/13.3.1/thumb/v7e-m+fp/hard\libgcc.a(_dvmd_tls.o)
                0x08000aa8                __aeabi_idiv0
                0x08000aa8                __aeabi_ldiv0
 *(.text*)
 .text.canardInit
                0x08000aac       0x68 ./Core/Src/libcanard_canard.o
                0x08000aac                canardInit
 .text.canardSetLocalNodeID
                0x08000b14       0x34 ./Core/Src/libcanard_canard.o
                0x08000b14                canardSetLocalNodeID
 .text.canardGetLocalNodeID
                0x08000b48       0x18 ./Core/Src/libcanard_canard.o
                0x08000b48                canardGetLocalNodeID
 .text.canardBroadcast
                0x08000b60       0x54 ./Core/Src/libcanard_canard.o
                0x08000b60                canardBroadcast
 .text.canardBroadcastObj
                0x08000bb4      0x110 ./Core/Src/libcanard_canard.o
                0x08000bb4                canardBroadcastObj
 .text.canardBufferFromIdx
                0x08000cc4       0x18 ./Core/Src/libcanard_canard.o
 .text.canardBufferToIdx
                0x08000cdc       0x18 ./Core/Src/libcanard_canard.o
 .text.canardRxFromIdx
                0x08000cf4       0x18 ./Core/Src/libcanard_canard.o
 .text.canardRxToIdx
                0x08000d0c       0x18 ./Core/Src/libcanard_canard.o
 .text.calculateCRC
                0x08000d24       0x48 ./Core/Src/libcanard_canard.o
 .text.canardRequestOrRespond
                0x08000d6c       0x5e ./Core/Src/libcanard_canard.o
                0x08000d6c                canardRequestOrRespond
 .text.canardRequestOrRespondObj
                0x08000dca       0xb2 ./Core/Src/libcanard_canard.o
                0x08000dca                canardRequestOrRespondObj
 .text.canardPeekTxQueue
                0x08000e7c       0x26 ./Core/Src/libcanard_canard.o
                0x08000e7c                canardPeekTxQueue
 .text.canardPopTxQueue
                0x08000ea2       0x2a ./Core/Src/libcanard_canard.o
                0x08000ea2                canardPopTxQueue
 .text.canardHandleRxFrame
                0x08000ecc      0x73c ./Core/Src/libcanard_canard.o
                0x08000ecc                canardHandleRxFrame
 .text.canardCleanupStaleTransfers
                0x08001608       0xd8 ./Core/Src/libcanard_canard.o
                0x08001608                canardCleanupStaleTransfers
 .text.canardDecodeScalar
                0x080016e0      0x312 ./Core/Src/libcanard_canard.o
                0x080016e0                canardDecodeScalar
 .text.canardEncodeScalar
                0x080019f2       0xfa ./Core/Src/libcanard_canard.o
                0x080019f2                canardEncodeScalar
 .text.canardReleaseRxTransferPayload
                0x08001aec       0x54 ./Core/Src/libcanard_canard.o
                0x08001aec                canardReleaseRxTransferPayload
 .text.computeTransferIDForwardDistance
                0x08001b40       0x3e ./Core/Src/libcanard_canard.o
 .text.incrementTransferID
                0x08001b7e       0x2e ./Core/Src/libcanard_canard.o
 .text.dlcToDataLength
                0x08001bac       0x5e ./Core/Src/libcanard_canard.o
 .text.dataLengthToDlc
                0x08001c0a       0x5e ./Core/Src/libcanard_canard.o
 .text.enqueueTxFrames
                0x08001c68      0x260 ./Core/Src/libcanard_canard.o
 .text.pushTxQueue
                0x08001ec8       0x8a ./Core/Src/libcanard_canard.o
 .text.createTxItem
                0x08001f52       0x2e ./Core/Src/libcanard_canard.o
 .text.isPriorityHigher
                0x08001f80       0xb8 ./Core/Src/libcanard_canard.o
 .text.prepareForNextTransfer
                0x08002038       0x44 ./Core/Src/libcanard_canard.o
 .text.extractDataType
                0x0800207c       0x40 ./Core/Src/libcanard_canard.o
                0x0800207c                extractDataType
 .text.extractTransferType
                0x080020bc       0x48 ./Core/Src/libcanard_canard.o
                0x080020bc                extractTransferType
 .text.traverseRxStates
                0x08002104       0x5e ./Core/Src/libcanard_canard.o
 .text.findRxState
                0x08002162       0x44 ./Core/Src/libcanard_canard.o
 .text.prependRxState
                0x080021a6       0x4a ./Core/Src/libcanard_canard.o
 .text.createRxState
                0x080021f0       0x46 ./Core/Src/libcanard_canard.o
 .text.releaseStatePayload
                0x08002236       0x68 ./Core/Src/libcanard_canard.o
 *fill*         0x0800229e        0x2 
 .text.bufferBlockPushBytes
                0x080022a0      0x1f8 ./Core/Src/libcanard_canard.o
 .text.createBufferBlock
                0x08002498       0x2a ./Core/Src/libcanard_canard.o
 .text.copyBitArray
                0x080024c2       0xee ./Core/Src/libcanard_canard.o
 .text.descatterTransferPayload
                0x080025b0      0x1ea ./Core/Src/libcanard_canard.o
 .text.isBigEndian
                0x0800279a       0x22 ./Core/Src/libcanard_canard.o
 .text.swapByteOrder
                0x080027bc       0x60 ./Core/Src/libcanard_canard.o
 .text.crcAddByte
                0x0800281c       0x5e ./Core/Src/libcanard_canard.o
 .text.crcAddSignature
                0x0800287a       0x5e ./Core/Src/libcanard_canard.o
 .text.crcAdd   0x080028d8       0x3a ./Core/Src/libcanard_canard.o
 .text.initPoolAllocator
                0x08002912       0x6e ./Core/Src/libcanard_canard.o
 .text.allocateBlock
                0x08002980       0x52 ./Core/Src/libcanard_canard.o
 .text.freeBlock
                0x080029d2       0x34 ./Core/Src/libcanard_canard.o
 .text.printf   0x08002a06       0x14 ./Core/Src/main.o
                0x08002a06                printf
 *fill*         0x08002a1a        0x2 
 .text.main     0x08002a1c      0x640 ./Core/Src/main.o
                0x08002a1c                main
 .text.SystemClock_Config
                0x0800305c       0xd4 ./Core/Src/main.o
                0x0800305c                SystemClock_Config
 .text.MX_CAN1_Init
                0x08003130       0x6c ./Core/Src/main.o
 .text.MX_I2S3_Init
                0x0800319c       0x60 ./Core/Src/main.o
 .text.MX_SPI1_Init
                0x080031fc       0x6c ./Core/Src/main.o
 .text.MX_GPIO_Init
                0x08003268      0x21c ./Core/Src/main.o
 .text.HAL_CAN_RxFifo0MsgPendingCallback
                0x08003484      0x38c ./Core/Src/main.o
                0x08003484                HAL_CAN_RxFifo0MsgPendingCallback
 .text.HAL_CAN_RxFifo1MsgPendingCallback
                0x08003810       0x14 ./Core/Src/main.o
                0x08003810                HAL_CAN_RxFifo1MsgPendingCallback
 .text.processTxRxOnce
                0x08003824       0xe0 ./Core/Src/main.o
                0x08003824                processTxRxOnce
 *fill*         0x08003904        0x4 
 .text.send_NodeStatus
                0x08003908       0x84 ./Core/Src/main.o
                0x08003908                send_NodeStatus
 *fill*         0x0800398c        0x4 
 .text.shouldAcceptTransfer
                0x08003990      0x128 ./Core/Src/main.o
 .text.readUniqueID
                0x08003ab8       0x32 ./Core/Src/main.o
                0x08003ab8                readUniqueID
 *fill*         0x08003aea        0x6 
 .text.handle_get_node_info
                0x08003af0       0xbc ./Core/Src/main.o
                0x08003af0                handle_get_node_info
 .text.makeNodeInfoMessage
                0x08003bac       0x78 ./Core/Src/main.o
                0x08003bac                makeNodeInfoMessage
 .text.makeNodeStatusMessage
                0x08003c24       0x60 ./Core/Src/main.o
                0x08003c24                makeNodeStatusMessage
 .text.onTransferReceived
                0x08003c84      0x36c ./Core/Src/main.o
                0x08003c84                onTransferReceived
 .text.process1HzTasks
                0x08003ff0      0x404 ./Core/Src/main.o
                0x08003ff0                process1HzTasks
 .text.epos4_send_sdo_read
                0x080043f4       0x80 ./Core/Src/main.o
                0x080043f4                epos4_send_sdo_read
 .text.epos4_enable_motor
                0x08004474      0x104 ./Core/Src/main.o
                0x08004474                epos4_enable_motor
 .text.EPOS4_SetControlWord
                0x08004578       0x8e ./Core/Src/main.o
                0x08004578                EPOS4_SetControlWord
 *fill*         0x08004606        0x2 
 .text.Error_Handler
                0x08004608       0x1c ./Core/Src/main.o
                0x08004608                Error_Handler
 .text.CANopen_NMT_Command
                0x08004624       0x52 ./Core/Src/main.o
                0x08004624                CANopen_NMT_Command
 .text.EPOS4_SetOperationMode
                0x08004676       0x6c ./Core/Src/main.o
                0x08004676                EPOS4_SetOperationMode
 .text.EPOS4_SetProfileVelocity
                0x080046e2       0x84 ./Core/Src/main.o
                0x080046e2                EPOS4_SetProfileVelocity
 .text.EPOS4_SetProfileAcceleration
                0x08004766       0x84 ./Core/Src/main.o
                0x08004766                EPOS4_SetProfileAcceleration
 .text.EPOS4_SetProfileDeceleration
                0x080047ea       0x84 ./Core/Src/main.o
                0x080047ea                EPOS4_SetProfileDeceleration
 *fill*         0x0800486e        0x2 
 .text.handle_param_getset
                0x08004870      0x568 ./Core/Src/main.o
                0x08004870                handle_param_getset
 .text.micros64
                0x08004dd8       0xdc ./Core/Src/main.o
                0x08004dd8                micros64
 .text.translateEPOS4Position
                0x08004eb4       0xa4 ./Core/Src/main.o
                0x08004eb4                translateEPOS4Position
 .text.getParamByIndex
                0x08004f58       0x2c ./Core/Src/main.o
 .text.getParamByName
                0x08004f84       0x48 ./Core/Src/main.o
 .text.broadcast_all_parameters
                0x08004fcc       0xd0 ./Core/Src/main.o
                0x08004fcc                broadcast_all_parameters
 .text.handleActuatorArrayCommand
                0x0800509c      0x458 ./Core/Src/main.o
                0x0800509c                handleActuatorArrayCommand
 .text.initializePositionParameters
                0x080054f4      0x140 ./Core/Src/main.o
                0x080054f4                initializePositionParameters
 .text.epos4_send_sdo_write
                0x08005634      0x1a8 ./Core/Src/main.o
                0x08005634                epos4_send_sdo_write
 *fill*         0x080057dc        0x4 
 .text.broadcast_parameter
                0x080057e0      0x484 ./Core/Src/main.o
                0x080057e0                broadcast_parameter
 .text.force_motor_movement
                0x08005c64      0x234 ./Core/Src/main.o
                0x08005c64                force_motor_movement
 .text.wait_for_tx_complete
                0x08005e98       0x64 ./Core/Src/main.o
                0x08005e98                wait_for_tx_complete
 .text.check_epos4_status
                0x08005efc       0xcc ./Core/Src/main.o
                0x08005efc                check_epos4_status
 .text.save_position_to_flash
                0x08005fc8      0x128 ./Core/Src/main.o
                0x08005fc8                save_position_to_flash
 .text.restore_position_from_flash
                0x080060f0       0xac ./Core/Src/main.o
                0x080060f0                restore_position_from_flash
 .text.periodic_position_save
                0x0800619c       0x60 ./Core/Src/main.o
                0x0800619c                periodic_position_save
 .text.HAL_MspInit
                0x080061fc       0x50 ./Core/Src/stm32f4xx_hal_msp.o
                0x080061fc                HAL_MspInit
 .text.HAL_CAN_MspInit
                0x0800624c      0x14c ./Core/Src/stm32f4xx_hal_msp.o
                0x0800624c                HAL_CAN_MspInit
 .text.HAL_I2S_MspInit
                0x08006398      0x100 ./Core/Src/stm32f4xx_hal_msp.o
                0x08006398                HAL_I2S_MspInit
 .text.HAL_SPI_MspInit
                0x08006498       0x90 ./Core/Src/stm32f4xx_hal_msp.o
                0x08006498                HAL_SPI_MspInit
 .text.NMI_Handler
                0x08006528        0x8 ./Core/Src/stm32f4xx_it.o
                0x08006528                NMI_Handler
 .text.HardFault_Handler
                0x08006530        0x8 ./Core/Src/stm32f4xx_it.o
                0x08006530                HardFault_Handler
 .text.MemManage_Handler
                0x08006538        0x8 ./Core/Src/stm32f4xx_it.o
                0x08006538                MemManage_Handler
 .text.BusFault_Handler
                0x08006540        0x8 ./Core/Src/stm32f4xx_it.o
                0x08006540                BusFault_Handler
 .text.UsageFault_Handler
                0x08006548        0x8 ./Core/Src/stm32f4xx_it.o
                0x08006548                UsageFault_Handler
 .text.SVC_Handler
                0x08006550        0xe ./Core/Src/stm32f4xx_it.o
                0x08006550                SVC_Handler
 .text.DebugMon_Handler
                0x0800655e        0xe ./Core/Src/stm32f4xx_it.o
                0x0800655e                DebugMon_Handler
 .text.PendSV_Handler
                0x0800656c        0xe ./Core/Src/stm32f4xx_it.o
                0x0800656c                PendSV_Handler
 .text.SysTick_Handler
                0x0800657a        0xc ./Core/Src/stm32f4xx_it.o
                0x0800657a                SysTick_Handler
 *fill*         0x08006586        0x2 
 .text.CAN1_RX0_IRQHandler
                0x08006588       0x14 ./Core/Src/stm32f4xx_it.o
                0x08006588                CAN1_RX0_IRQHandler
 .text.OTG_FS_IRQHandler
                0x0800659c       0x14 ./Core/Src/stm32f4xx_it.o
                0x0800659c                OTG_FS_IRQHandler
 .text._read    0x080065b0       0x3a ./Core/Src/syscalls.o
                0x080065b0                _read
 .text._write   0x080065ea       0x38 ./Core/Src/syscalls.o
                0x080065ea                _write
 .text._close   0x08006622       0x18 ./Core/Src/syscalls.o
                0x08006622                _close
 .text._fstat   0x0800663a       0x20 ./Core/Src/syscalls.o
                0x0800663a                _fstat
 .text._isatty  0x0800665a       0x16 ./Core/Src/syscalls.o
                0x0800665a                _isatty
 .text._lseek   0x08006670       0x1a ./Core/Src/syscalls.o
                0x08006670                _lseek
 *fill*         0x0800668a        0x2 
 .text._sbrk    0x0800668c       0x6c ./Core/Src/sysmem.o
                0x0800668c                _sbrk
 .text.SystemInit
                0x080066f8       0x24 ./Core/Src/system_stm32f4xx.o
                0x080066f8                SystemInit
 .text.Reset_Handler
                0x0800671c       0x50 ./Core/Startup/startup_stm32f407vgtx.o
                0x0800671c                Reset_Handler
 .text.Default_Handler
                0x0800676c        0x2 ./Core/Startup/startup_stm32f407vgtx.o
                0x0800676c                RTC_Alarm_IRQHandler
                0x0800676c                HASH_RNG_IRQHandler
                0x0800676c                EXTI2_IRQHandler
                0x0800676c                TIM8_CC_IRQHandler
                0x0800676c                TIM1_CC_IRQHandler
                0x0800676c                DMA2_Stream5_IRQHandler
                0x0800676c                DMA1_Stream5_IRQHandler
                0x0800676c                PVD_IRQHandler
                0x0800676c                SDIO_IRQHandler
                0x0800676c                TAMP_STAMP_IRQHandler
                0x0800676c                CAN2_RX1_IRQHandler
                0x0800676c                EXTI3_IRQHandler
                0x0800676c                TIM8_TRG_COM_TIM14_IRQHandler
                0x0800676c                TIM1_UP_TIM10_IRQHandler
                0x0800676c                TIM8_UP_TIM13_IRQHandler
                0x0800676c                I2C3_ER_IRQHandler
                0x0800676c                EXTI0_IRQHandler
                0x0800676c                I2C2_EV_IRQHandler
                0x0800676c                DMA1_Stream2_IRQHandler
                0x0800676c                FPU_IRQHandler
                0x0800676c                OTG_HS_WKUP_IRQHandler
                0x0800676c                CAN2_SCE_IRQHandler
                0x0800676c                DMA2_Stream2_IRQHandler
                0x0800676c                SPI1_IRQHandler
                0x0800676c                TIM6_DAC_IRQHandler
                0x0800676c                TIM1_BRK_TIM9_IRQHandler
                0x0800676c                DCMI_IRQHandler
                0x0800676c                CAN2_RX0_IRQHandler
                0x0800676c                DMA2_Stream3_IRQHandler
                0x0800676c                USART6_IRQHandler
                0x0800676c                USART3_IRQHandler
                0x0800676c                CAN1_RX1_IRQHandler
                0x0800676c                UART5_IRQHandler
                0x0800676c                DMA2_Stream0_IRQHandler
                0x0800676c                TIM4_IRQHandler
                0x0800676c                I2C1_EV_IRQHandler
                0x0800676c                DMA1_Stream6_IRQHandler
                0x0800676c                DMA1_Stream1_IRQHandler
                0x0800676c                UART4_IRQHandler
                0x0800676c                TIM3_IRQHandler
                0x0800676c                RCC_IRQHandler
                0x0800676c                TIM8_BRK_TIM12_IRQHandler
                0x0800676c                Default_Handler
                0x0800676c                EXTI15_10_IRQHandler
                0x0800676c                ADC_IRQHandler
                0x0800676c                DMA1_Stream7_IRQHandler
                0x0800676c                TIM7_IRQHandler
                0x0800676c                CAN2_TX_IRQHandler
                0x0800676c                TIM5_IRQHandler
                0x0800676c                DMA2_Stream7_IRQHandler
                0x0800676c                I2C3_EV_IRQHandler
                0x0800676c                EXTI9_5_IRQHandler
                0x0800676c                RTC_WKUP_IRQHandler
                0x0800676c                ETH_WKUP_IRQHandler
                0x0800676c                SPI2_IRQHandler
                0x0800676c                OTG_HS_EP1_IN_IRQHandler
                0x0800676c                DMA1_Stream0_IRQHandler
                0x0800676c                CAN1_TX_IRQHandler
                0x0800676c                EXTI4_IRQHandler
                0x0800676c                FSMC_IRQHandler
                0x0800676c                ETH_IRQHandler
                0x0800676c                OTG_HS_EP1_OUT_IRQHandler
                0x0800676c                WWDG_IRQHandler
                0x0800676c                TIM2_IRQHandler
                0x0800676c                OTG_FS_WKUP_IRQHandler
                0x0800676c                TIM1_TRG_COM_TIM11_IRQHandler
                0x0800676c                OTG_HS_IRQHandler
                0x0800676c                EXTI1_IRQHandler
                0x0800676c                USART2_IRQHandler
                0x0800676c                I2C2_ER_IRQHandler
                0x0800676c                DMA2_Stream1_IRQHandler
                0x0800676c                CAN1_SCE_IRQHandler
                0x0800676c                FLASH_IRQHandler
                0x0800676c                DMA2_Stream4_IRQHandler
                0x0800676c                USART1_IRQHandler
                0x0800676c                SPI3_IRQHandler
                0x0800676c                DMA1_Stream4_IRQHandler
                0x0800676c                I2C1_ER_IRQHandler
                0x0800676c                DMA2_Stream6_IRQHandler
                0x0800676c                DMA1_Stream3_IRQHandler
 *fill*         0x0800676e        0x2 
 .text.HAL_Init
                0x08006770       0x44 ./Drivers/STM32F4xx_HAL_Driver/Src/stm32f4xx_hal.o
                0x08006770                HAL_Init
 .text.HAL_InitTick
                0x080067b4       0x60 ./Drivers/STM32F4xx_HAL_Driver/Src/stm32f4xx_hal.o
                0x080067b4                HAL_InitTick
 .text.HAL_IncTick
                0x08006814       0x28 ./Drivers/STM32F4xx_HAL_Driver/Src/stm32f4xx_hal.o
                0x08006814                HAL_IncTick
 .text.HAL_GetTick
                0x0800683c       0x18 ./Drivers/STM32F4xx_HAL_Driver/Src/stm32f4xx_hal.o
                0x0800683c                HAL_GetTick
 .text.HAL_Delay
                0x08006854       0x48 ./Drivers/STM32F4xx_HAL_Driver/Src/stm32f4xx_hal.o
                0x08006854                HAL_Delay
 .text.HAL_CAN_Init
                0x0800689c      0x1f6 ./Drivers/STM32F4xx_HAL_Driver/Src/stm32f4xx_hal_can.o
                0x0800689c                HAL_CAN_Init
 *fill*         0x08006a92        0x2 
 .text.HAL_CAN_ConfigFilter
                0x08006a94      0x1c0 ./Drivers/STM32F4xx_HAL_Driver/Src/stm32f4xx_hal_can.o
                0x08006a94                HAL_CAN_ConfigFilter
 .text.HAL_CAN_Start
                0x08006c54       0x88 ./Drivers/STM32F4xx_HAL_Driver/Src/stm32f4xx_hal_can.o
                0x08006c54                HAL_CAN_Start
 .text.HAL_CAN_AddTxMessage
                0x08006cdc      0x1a0 ./Drivers/STM32F4xx_HAL_Driver/Src/stm32f4xx_hal_can.o
                0x08006cdc                HAL_CAN_AddTxMessage
 .text.HAL_CAN_GetTxMailboxesFreeLevel
                0x08006e7c       0x6a ./Drivers/STM32F4xx_HAL_Driver/Src/stm32f4xx_hal_can.o
                0x08006e7c                HAL_CAN_GetTxMailboxesFreeLevel
 .text.HAL_CAN_GetRxMessage
                0x08006ee6      0x244 ./Drivers/STM32F4xx_HAL_Driver/Src/stm32f4xx_hal_can.o
                0x08006ee6                HAL_CAN_GetRxMessage
 .text.HAL_CAN_GetRxFifoFillLevel
                0x0800712a       0x50 ./Drivers/STM32F4xx_HAL_Driver/Src/stm32f4xx_hal_can.o
                0x0800712a                HAL_CAN_GetRxFifoFillLevel
 .text.HAL_CAN_ActivateNotification
                0x0800717a       0x4c ./Drivers/STM32F4xx_HAL_Driver/Src/stm32f4xx_hal_can.o
                0x0800717a                HAL_CAN_ActivateNotification
 .text.HAL_CAN_IRQHandler
                0x080071c6      0x36e ./Drivers/STM32F4xx_HAL_Driver/Src/stm32f4xx_hal_can.o
                0x080071c6                HAL_CAN_IRQHandler
 .text.HAL_CAN_TxMailbox0CompleteCallback
                0x08007534       0x14 ./Drivers/STM32F4xx_HAL_Driver/Src/stm32f4xx_hal_can.o
                0x08007534                HAL_CAN_TxMailbox0CompleteCallback
 .text.HAL_CAN_TxMailbox1CompleteCallback
                0x08007548       0x14 ./Drivers/STM32F4xx_HAL_Driver/Src/stm32f4xx_hal_can.o
                0x08007548                HAL_CAN_TxMailbox1CompleteCallback
 .text.HAL_CAN_TxMailbox2CompleteCallback
                0x0800755c       0x14 ./Drivers/STM32F4xx_HAL_Driver/Src/stm32f4xx_hal_can.o
                0x0800755c                HAL_CAN_TxMailbox2CompleteCallback
 .text.HAL_CAN_TxMailbox0AbortCallback
                0x08007570       0x14 ./Drivers/STM32F4xx_HAL_Driver/Src/stm32f4xx_hal_can.o
                0x08007570                HAL_CAN_TxMailbox0AbortCallback
 .text.HAL_CAN_TxMailbox1AbortCallback
                0x08007584       0x14 ./Drivers/STM32F4xx_HAL_Driver/Src/stm32f4xx_hal_can.o
                0x08007584                HAL_CAN_TxMailbox1AbortCallback
 .text.HAL_CAN_TxMailbox2AbortCallback
                0x08007598       0x14 ./Drivers/STM32F4xx_HAL_Driver/Src/stm32f4xx_hal_can.o
                0x08007598                HAL_CAN_TxMailbox2AbortCallback
 .text.HAL_CAN_RxFifo0FullCallback
                0x080075ac       0x14 ./Drivers/STM32F4xx_HAL_Driver/Src/stm32f4xx_hal_can.o
                0x080075ac                HAL_CAN_RxFifo0FullCallback
 .text.HAL_CAN_RxFifo1FullCallback
                0x080075c0       0x14 ./Drivers/STM32F4xx_HAL_Driver/Src/stm32f4xx_hal_can.o
                0x080075c0                HAL_CAN_RxFifo1FullCallback
 .text.HAL_CAN_SleepCallback
                0x080075d4       0x14 ./Drivers/STM32F4xx_HAL_Driver/Src/stm32f4xx_hal_can.o
                0x080075d4                HAL_CAN_SleepCallback
 .text.HAL_CAN_WakeUpFromRxMsgCallback
                0x080075e8       0x14 ./Drivers/STM32F4xx_HAL_Driver/Src/stm32f4xx_hal_can.o
                0x080075e8                HAL_CAN_WakeUpFromRxMsgCallback
 .text.HAL_CAN_ErrorCallback
                0x080075fc       0x14 ./Drivers/STM32F4xx_HAL_Driver/Src/stm32f4xx_hal_can.o
                0x080075fc                HAL_CAN_ErrorCallback
 .text.__NVIC_SetPriorityGrouping
                0x08007610       0x48 ./Drivers/STM32F4xx_HAL_Driver/Src/stm32f4xx_hal_cortex.o
 .text.__NVIC_GetPriorityGrouping
                0x08007658       0x1c ./Drivers/STM32F4xx_HAL_Driver/Src/stm32f4xx_hal_cortex.o
 .text.__NVIC_EnableIRQ
                0x08007674       0x3c ./Drivers/STM32F4xx_HAL_Driver/Src/stm32f4xx_hal_cortex.o
 .text.__NVIC_SetPriority
                0x080076b0       0x54 ./Drivers/STM32F4xx_HAL_Driver/Src/stm32f4xx_hal_cortex.o
 .text.NVIC_EncodePriority
                0x08007704       0x66 ./Drivers/STM32F4xx_HAL_Driver/Src/stm32f4xx_hal_cortex.o
 *fill*         0x0800776a        0x2 
 .text.SysTick_Config
                0x0800776c       0x44 ./Drivers/STM32F4xx_HAL_Driver/Src/stm32f4xx_hal_cortex.o
 .text.HAL_NVIC_SetPriorityGrouping
                0x080077b0       0x16 ./Drivers/STM32F4xx_HAL_Driver/Src/stm32f4xx_hal_cortex.o
                0x080077b0                HAL_NVIC_SetPriorityGrouping
 .text.HAL_NVIC_SetPriority
                0x080077c6       0x38 ./Drivers/STM32F4xx_HAL_Driver/Src/stm32f4xx_hal_cortex.o
                0x080077c6                HAL_NVIC_SetPriority
 .text.HAL_NVIC_EnableIRQ
                0x080077fe       0x1c ./Drivers/STM32F4xx_HAL_Driver/Src/stm32f4xx_hal_cortex.o
                0x080077fe                HAL_NVIC_EnableIRQ
 .text.HAL_SYSTICK_Config
                0x0800781a       0x18 ./Drivers/STM32F4xx_HAL_Driver/Src/stm32f4xx_hal_cortex.o
                0x0800781a                HAL_SYSTICK_Config
 *fill*         0x08007832        0x2 
 .text.HAL_FLASH_Program
                0x08007834       0xa8 ./Drivers/STM32F4xx_HAL_Driver/Src/stm32f4xx_hal_flash.o
                0x08007834                HAL_FLASH_Program
 .text.HAL_FLASH_Unlock
                0x080078dc       0x44 ./Drivers/STM32F4xx_HAL_Driver/Src/stm32f4xx_hal_flash.o
                0x080078dc                HAL_FLASH_Unlock
 .text.HAL_FLASH_Lock
                0x08007920       0x20 ./Drivers/STM32F4xx_HAL_Driver/Src/stm32f4xx_hal_flash.o
                0x08007920                HAL_FLASH_Lock
 .text.FLASH_WaitForLastOperation
                0x08007940       0x80 ./Drivers/STM32F4xx_HAL_Driver/Src/stm32f4xx_hal_flash.o
                0x08007940                FLASH_WaitForLastOperation
 .text.FLASH_Program_DoubleWord
                0x080079c0       0x64 ./Drivers/STM32F4xx_HAL_Driver/Src/stm32f4xx_hal_flash.o
 .text.FLASH_Program_Word
                0x08007a24       0x44 ./Drivers/STM32F4xx_HAL_Driver/Src/stm32f4xx_hal_flash.o
 .text.FLASH_Program_HalfWord
                0x08007a68       0x48 ./Drivers/STM32F4xx_HAL_Driver/Src/stm32f4xx_hal_flash.o
 .text.FLASH_Program_Byte
                0x08007ab0       0x44 ./Drivers/STM32F4xx_HAL_Driver/Src/stm32f4xx_hal_flash.o
 .text.FLASH_SetErrorCode
                0x08007af4       0xac ./Drivers/STM32F4xx_HAL_Driver/Src/stm32f4xx_hal_flash.o
 .text.HAL_FLASHEx_Erase
                0x08007ba0       0xe0 ./Drivers/STM32F4xx_HAL_Driver/Src/stm32f4xx_hal_flash_ex.o
                0x08007ba0                HAL_FLASHEx_Erase
 .text.FLASH_MassErase
                0x08007c80       0x48 ./Drivers/STM32F4xx_HAL_Driver/Src/stm32f4xx_hal_flash_ex.o
 .text.FLASH_Erase_Sector
                0x08007cc8       0x90 ./Drivers/STM32F4xx_HAL_Driver/Src/stm32f4xx_hal_flash_ex.o
                0x08007cc8                FLASH_Erase_Sector
 .text.FLASH_FlushCaches
                0x08007d58       0x8c ./Drivers/STM32F4xx_HAL_Driver/Src/stm32f4xx_hal_flash_ex.o
                0x08007d58                FLASH_FlushCaches
 .text.HAL_GPIO_Init
                0x08007de4      0x338 ./Drivers/STM32F4xx_HAL_Driver/Src/stm32f4xx_hal_gpio.o
                0x08007de4                HAL_GPIO_Init
 .text.HAL_GPIO_WritePin
                0x0800811c       0x32 ./Drivers/STM32F4xx_HAL_Driver/Src/stm32f4xx_hal_gpio.o
                0x0800811c                HAL_GPIO_WritePin
 .text.HAL_GPIO_TogglePin
                0x0800814e       0x34 ./Drivers/STM32F4xx_HAL_Driver/Src/stm32f4xx_hal_gpio.o
                0x0800814e                HAL_GPIO_TogglePin
 .text.HAL_HCD_Init
                0x08008182       0xce ./Drivers/STM32F4xx_HAL_Driver/Src/stm32f4xx_hal_hcd.o
                0x08008182                HAL_HCD_Init
 .text.HAL_HCD_HC_Init
                0x08008250      0x170 ./Drivers/STM32F4xx_HAL_Driver/Src/stm32f4xx_hal_hcd.o
                0x08008250                HAL_HCD_HC_Init
 .text.HAL_HCD_HC_Halt
                0x080083c0       0x46 ./Drivers/STM32F4xx_HAL_Driver/Src/stm32f4xx_hal_hcd.o
                0x080083c0                HAL_HCD_HC_Halt
 *fill*         0x08008406        0x2 
 .text.HAL_HCD_HC_SubmitRequest
                0x08008408      0x33c ./Drivers/STM32F4xx_HAL_Driver/Src/stm32f4xx_hal_hcd.o
                0x08008408                HAL_HCD_HC_SubmitRequest
 .text.HAL_HCD_IRQHandler
                0x08008744      0x220 ./Drivers/STM32F4xx_HAL_Driver/Src/stm32f4xx_hal_hcd.o
                0x08008744                HAL_HCD_IRQHandler
 .text.HAL_HCD_Start
                0x08008964       0x46 ./Drivers/STM32F4xx_HAL_Driver/Src/stm32f4xx_hal_hcd.o
                0x08008964                HAL_HCD_Start
 .text.HAL_HCD_Stop
                0x080089aa       0x3a ./Drivers/STM32F4xx_HAL_Driver/Src/stm32f4xx_hal_hcd.o
                0x080089aa                HAL_HCD_Stop
 .text.HAL_HCD_ResetPort
                0x080089e4       0x1c ./Drivers/STM32F4xx_HAL_Driver/Src/stm32f4xx_hal_hcd.o
                0x080089e4                HAL_HCD_ResetPort
 .text.HAL_HCD_HC_GetURBState
                0x08008a00       0x2a ./Drivers/STM32F4xx_HAL_Driver/Src/stm32f4xx_hal_hcd.o
                0x08008a00                HAL_HCD_HC_GetURBState
 .text.HAL_HCD_HC_GetXferCount
                0x08008a2a       0x2a ./Drivers/STM32F4xx_HAL_Driver/Src/stm32f4xx_hal_hcd.o
                0x08008a2a                HAL_HCD_HC_GetXferCount
 .text.HAL_HCD_GetCurrentFrame
                0x08008a54       0x1c ./Drivers/STM32F4xx_HAL_Driver/Src/stm32f4xx_hal_hcd.o
                0x08008a54                HAL_HCD_GetCurrentFrame
 .text.HAL_HCD_GetCurrentSpeed
                0x08008a70       0x1c ./Drivers/STM32F4xx_HAL_Driver/Src/stm32f4xx_hal_hcd.o
                0x08008a70                HAL_HCD_GetCurrentSpeed
 .text.HAL_HCD_HC_ClearHubInfo
                0x08008a8c       0x6a ./Drivers/STM32F4xx_HAL_Driver/Src/stm32f4xx_hal_hcd.o
                0x08008a8c                HAL_HCD_HC_ClearHubInfo
 .text.HCD_HC_IN_IRQHandler
                0x08008af6      0xcd2 ./Drivers/STM32F4xx_HAL_Driver/Src/stm32f4xx_hal_hcd.o
 .text.HCD_HC_OUT_IRQHandler
                0x080097c8      0x97e ./Drivers/STM32F4xx_HAL_Driver/Src/stm32f4xx_hal_hcd.o
 .text.HCD_RXQLVL_IRQHandler
                0x0800a146      0x1be ./Drivers/STM32F4xx_HAL_Driver/Src/stm32f4xx_hal_hcd.o
 .text.HCD_Port_IRQHandler
                0x0800a304       0xe6 ./Drivers/STM32F4xx_HAL_Driver/Src/stm32f4xx_hal_hcd.o
 *fill*         0x0800a3ea        0x2 
 .text.HAL_I2S_Init
                0x0800a3ec      0x280 ./Drivers/STM32F4xx_HAL_Driver/Src/stm32f4xx_hal_i2s.o
                0x0800a3ec                HAL_I2S_Init
 .text.HAL_I2S_TxCpltCallback
                0x0800a66c       0x14 ./Drivers/STM32F4xx_HAL_Driver/Src/stm32f4xx_hal_i2s.o
                0x0800a66c                HAL_I2S_TxCpltCallback
 .text.HAL_I2S_RxCpltCallback
                0x0800a680       0x14 ./Drivers/STM32F4xx_HAL_Driver/Src/stm32f4xx_hal_i2s.o
                0x0800a680                HAL_I2S_RxCpltCallback
 .text.HAL_I2S_ErrorCallback
                0x0800a694       0x14 ./Drivers/STM32F4xx_HAL_Driver/Src/stm32f4xx_hal_i2s.o
                0x0800a694                HAL_I2S_ErrorCallback
 .text.I2S_Transmit_IT
                0x0800a6a8       0x5c ./Drivers/STM32F4xx_HAL_Driver/Src/stm32f4xx_hal_i2s.o
 .text.I2S_Receive_IT
                0x0800a704       0x5e ./Drivers/STM32F4xx_HAL_Driver/Src/stm32f4xx_hal_i2s.o
 .text.I2S_IRQHandler
                0x0800a762      0x114 ./Drivers/STM32F4xx_HAL_Driver/Src/stm32f4xx_hal_i2s.o
 *fill*         0x0800a876        0x2 
 .text.HAL_I2SEx_FullDuplex_IRQHandler
                0x0800a878      0x2a8 ./Drivers/STM32F4xx_HAL_Driver/Src/stm32f4xx_hal_i2s_ex.o
                0x0800a878                HAL_I2SEx_FullDuplex_IRQHandler
 .text.HAL_I2SEx_TxRxCpltCallback
                0x0800ab20       0x14 ./Drivers/STM32F4xx_HAL_Driver/Src/stm32f4xx_hal_i2s_ex.o
                0x0800ab20                HAL_I2SEx_TxRxCpltCallback
 .text.I2SEx_TxISR_I2S
                0x0800ab34       0x62 ./Drivers/STM32F4xx_HAL_Driver/Src/stm32f4xx_hal_i2s_ex.o
 *fill*         0x0800ab96        0x2 
 .text.I2SEx_TxISR_I2SExt
                0x0800ab98       0x98 ./Drivers/STM32F4xx_HAL_Driver/Src/stm32f4xx_hal_i2s_ex.o
 .text.I2SEx_RxISR_I2S
                0x0800ac30       0x64 ./Drivers/STM32F4xx_HAL_Driver/Src/stm32f4xx_hal_i2s_ex.o
 .text.I2SEx_RxISR_I2SExt
                0x0800ac94       0x98 ./Drivers/STM32F4xx_HAL_Driver/Src/stm32f4xx_hal_i2s_ex.o
 .text.HAL_RCC_OscConfig
                0x0800ad2c      0x4f0 ./Drivers/STM32F4xx_HAL_Driver/Src/stm32f4xx_hal_rcc.o
                0x0800ad2c                HAL_RCC_OscConfig
 .text.HAL_RCC_ClockConfig
                0x0800b21c      0x1cc ./Drivers/STM32F4xx_HAL_Driver/Src/stm32f4xx_hal_rcc.o
                0x0800b21c                HAL_RCC_ClockConfig
 .text.HAL_RCC_GetSysClockFreq
                0x0800b3e8      0x20c ./Drivers/STM32F4xx_HAL_Driver/Src/stm32f4xx_hal_rcc.o
                0x0800b3e8                HAL_RCC_GetSysClockFreq
 .text.HAL_RCCEx_PeriphCLKConfig
                0x0800b5f4      0x1c4 ./Drivers/STM32F4xx_HAL_Driver/Src/stm32f4xx_hal_rcc_ex.o
                0x0800b5f4                HAL_RCCEx_PeriphCLKConfig
 .text.HAL_RCCEx_GetPeriphCLKFreq
                0x0800b7b8       0xc0 ./Drivers/STM32F4xx_HAL_Driver/Src/stm32f4xx_hal_rcc_ex.o
                0x0800b7b8                HAL_RCCEx_GetPeriphCLKFreq
 .text.HAL_SPI_Init
                0x0800b878      0x112 ./Drivers/STM32F4xx_HAL_Driver/Src/stm32f4xx_hal_spi.o
                0x0800b878                HAL_SPI_Init
 .text.USB_CoreInit
                0x0800b98a       0xc8 ./Drivers/STM32F4xx_HAL_Driver/Src/stm32f4xx_ll_usb.o
                0x0800b98a                USB_CoreInit
 .text.USB_EnableGlobalInt
                0x0800ba52       0x22 ./Drivers/STM32F4xx_HAL_Driver/Src/stm32f4xx_ll_usb.o
                0x0800ba52                USB_EnableGlobalInt
 .text.USB_DisableGlobalInt
                0x0800ba74       0x22 ./Drivers/STM32F4xx_HAL_Driver/Src/stm32f4xx_ll_usb.o
                0x0800ba74                USB_DisableGlobalInt
 .text.USB_SetCurrentMode
                0x0800ba96       0x98 ./Drivers/STM32F4xx_HAL_Driver/Src/stm32f4xx_ll_usb.o
                0x0800ba96                USB_SetCurrentMode
 .text.USB_FlushTxFifo
                0x0800bb2e       0x64 ./Drivers/STM32F4xx_HAL_Driver/Src/stm32f4xx_ll_usb.o
                0x0800bb2e                USB_FlushTxFifo
 .text.USB_FlushRxFifo
                0x0800bb92       0x5c ./Drivers/STM32F4xx_HAL_Driver/Src/stm32f4xx_ll_usb.o
                0x0800bb92                USB_FlushRxFifo
 .text.USB_WritePacket
                0x0800bbee       0x7c ./Drivers/STM32F4xx_HAL_Driver/Src/stm32f4xx_ll_usb.o
                0x0800bbee                USB_WritePacket
 .text.USB_ReadPacket
                0x0800bc6a       0xb0 ./Drivers/STM32F4xx_HAL_Driver/Src/stm32f4xx_ll_usb.o
                0x0800bc6a                USB_ReadPacket
 .text.USB_ReadInterrupts
                0x0800bd1a       0x26 ./Drivers/STM32F4xx_HAL_Driver/Src/stm32f4xx_ll_usb.o
                0x0800bd1a                USB_ReadInterrupts
 .text.USB_ReadChInterrupts
                0x0800bd40       0x42 ./Drivers/STM32F4xx_HAL_Driver/Src/stm32f4xx_ll_usb.o
                0x0800bd40                USB_ReadChInterrupts
 .text.USB_GetMode
                0x0800bd82       0x1c ./Drivers/STM32F4xx_HAL_Driver/Src/stm32f4xx_ll_usb.o
                0x0800bd82                USB_GetMode
 .text.USB_CoreReset
                0x0800bd9e       0x62 ./Drivers/STM32F4xx_HAL_Driver/Src/stm32f4xx_ll_usb.o
 .text.USB_HostInit
                0x0800be00      0x188 ./Drivers/STM32F4xx_HAL_Driver/Src/stm32f4xx_ll_usb.o
                0x0800be00                USB_HostInit
 .text.USB_InitFSLSPClkSel
                0x0800bf88       0x7a ./Drivers/STM32F4xx_HAL_Driver/Src/stm32f4xx_ll_usb.o
                0x0800bf88                USB_InitFSLSPClkSel
 .text.USB_ResetPort
                0x0800c002       0x54 ./Drivers/STM32F4xx_HAL_Driver/Src/stm32f4xx_ll_usb.o
                0x0800c002                USB_ResetPort
 .text.USB_DriveVbus
                0x0800c056       0x72 ./Drivers/STM32F4xx_HAL_Driver/Src/stm32f4xx_ll_usb.o
                0x0800c056                USB_DriveVbus
 .text.USB_GetHostSpeed
                0x0800c0c8       0x2e ./Drivers/STM32F4xx_HAL_Driver/Src/stm32f4xx_ll_usb.o
                0x0800c0c8                USB_GetHostSpeed
 .text.USB_GetCurrentFrame
                0x0800c0f6       0x22 ./Drivers/STM32F4xx_HAL_Driver/Src/stm32f4xx_ll_usb.o
                0x0800c0f6                USB_GetCurrentFrame
 .text.USB_HC_Init
                0x0800c118      0x258 ./Drivers/STM32F4xx_HAL_Driver/Src/stm32f4xx_ll_usb.o
                0x0800c118                USB_HC_Init
 .text.USB_HC_StartXfer
                0x0800c370      0x4f4 ./Drivers/STM32F4xx_HAL_Driver/Src/stm32f4xx_ll_usb.o
                0x0800c370                USB_HC_StartXfer
 .text.USB_HC_ReadInterrupt
                0x0800c864       0x22 ./Drivers/STM32F4xx_HAL_Driver/Src/stm32f4xx_ll_usb.o
                0x0800c864                USB_HC_ReadInterrupt
 .text.USB_HC_Halt
                0x0800c886      0x240 ./Drivers/STM32F4xx_HAL_Driver/Src/stm32f4xx_ll_usb.o
                0x0800c886                USB_HC_Halt
 *fill*         0x0800cac6        0x2 
 .text.USB_DoPing
                0x0800cac8       0x78 ./Drivers/STM32F4xx_HAL_Driver/Src/stm32f4xx_ll_usb.o
                0x0800cac8                USB_DoPing
 .text.USB_StopHost
                0x0800cb40      0x124 ./Drivers/STM32F4xx_HAL_Driver/Src/stm32f4xx_ll_usb.o
                0x0800cb40                USB_StopHost
 .text.USBH_CDC_InterfaceInit
                0x0800cc64      0x2ac ./Middlewares/ST/STM32_USB_Host_Library/Class/CDC/Src/usbh_cdc.o
 .text.USBH_CDC_InterfaceDeInit
                0x0800cf10       0xb2 ./Middlewares/ST/STM32_USB_Host_Library/Class/CDC/Src/usbh_cdc.o
 .text.USBH_CDC_ClassRequest
                0x0800cfc2       0x3e ./Middlewares/ST/STM32_USB_Host_Library/Class/CDC/Src/usbh_cdc.o
 .text.USBH_CDC_Process
                0x0800d000      0x12c ./Middlewares/ST/STM32_USB_Host_Library/Class/CDC/Src/usbh_cdc.o
 .text.USBH_CDC_SOFProcess
                0x0800d12c       0x16 ./Middlewares/ST/STM32_USB_Host_Library/Class/CDC/Src/usbh_cdc.o
 .text.GetLineCoding
                0x0800d142       0x3e ./Middlewares/ST/STM32_USB_Host_Library/Class/CDC/Src/usbh_cdc.o
 .text.SetLineCoding
                0x0800d180       0x3e ./Middlewares/ST/STM32_USB_Host_Library/Class/CDC/Src/usbh_cdc.o
 .text.CDC_ProcessTransmission
                0x0800d1be       0xec ./Middlewares/ST/STM32_USB_Host_Library/Class/CDC/Src/usbh_cdc.o
 .text.CDC_ProcessReception
                0x0800d2aa       0xb6 ./Middlewares/ST/STM32_USB_Host_Library/Class/CDC/Src/usbh_cdc.o
 .text.USBH_CDC_TransmitCallback
                0x0800d360       0x14 ./Middlewares/ST/STM32_USB_Host_Library/Class/CDC/Src/usbh_cdc.o
                0x0800d360                USBH_CDC_TransmitCallback
 .text.USBH_CDC_ReceiveCallback
                0x0800d374       0x14 ./Middlewares/ST/STM32_USB_Host_Library/Class/CDC/Src/usbh_cdc.o
                0x0800d374                USBH_CDC_ReceiveCallback
 .text.USBH_CDC_LineCodingChanged
                0x0800d388       0x14 ./Middlewares/ST/STM32_USB_Host_Library/Class/CDC/Src/usbh_cdc.o
                0x0800d388                USBH_CDC_LineCodingChanged
 .text.USBH_Init
                0x0800d39c       0x74 ./Middlewares/ST/STM32_USB_Host_Library/Core/Src/usbh_core.o
                0x0800d39c                USBH_Init
 .text.DeInitStateMachine
                0x0800d410       0xe6 ./Middlewares/ST/STM32_USB_Host_Library/Core/Src/usbh_core.o
 .text.USBH_RegisterClass
                0x0800d4f6       0x54 ./Middlewares/ST/STM32_USB_Host_Library/Core/Src/usbh_core.o
                0x0800d4f6                USBH_RegisterClass
 .text.USBH_SelectInterface
                0x0800d54a       0x38 ./Middlewares/ST/STM32_USB_Host_Library/Core/Src/usbh_core.o
                0x0800d54a                USBH_SelectInterface
 .text.USBH_FindInterface
                0x0800d582       0x8c ./Middlewares/ST/STM32_USB_Host_Library/Core/Src/usbh_core.o
                0x0800d582                USBH_FindInterface
 .text.USBH_Start
                0x0800d60e       0x20 ./Middlewares/ST/STM32_USB_Host_Library/Core/Src/usbh_core.o
                0x0800d60e                USBH_Start
 *fill*         0x0800d62e        0x2 
 .text.USBH_Process
                0x0800d630      0x3d0 ./Middlewares/ST/STM32_USB_Host_Library/Core/Src/usbh_core.o
                0x0800d630                USBH_Process
 .text.USBH_HandleEnum
                0x0800da00      0x3c0 ./Middlewares/ST/STM32_USB_Host_Library/Core/Src/usbh_core.o
 .text.USBH_LL_SetTimer
                0x0800ddc0       0x1e ./Middlewares/ST/STM32_USB_Host_Library/Core/Src/usbh_core.o
                0x0800ddc0                USBH_LL_SetTimer
 .text.USBH_LL_IncTimer
                0x0800ddde       0x24 ./Middlewares/ST/STM32_USB_Host_Library/Core/Src/usbh_core.o
                0x0800ddde                USBH_LL_IncTimer
 .text.USBH_HandleSof
                0x0800de02       0x30 ./Middlewares/ST/STM32_USB_Host_Library/Core/Src/usbh_core.o
 .text.USBH_LL_PortEnabled
                0x0800de32       0x1c ./Middlewares/ST/STM32_USB_Host_Library/Core/Src/usbh_core.o
                0x0800de32                USBH_LL_PortEnabled
 .text.USBH_LL_PortDisabled
                0x0800de4e       0x1c ./Middlewares/ST/STM32_USB_Host_Library/Core/Src/usbh_core.o
                0x0800de4e                USBH_LL_PortDisabled
 .text.USBH_LL_Connect
                0x0800de6a       0x2e ./Middlewares/ST/STM32_USB_Host_Library/Core/Src/usbh_core.o
                0x0800de6a                USBH_LL_Connect
 .text.USBH_LL_Disconnect
                0x0800de98       0x48 ./Middlewares/ST/STM32_USB_Host_Library/Core/Src/usbh_core.o
                0x0800de98                USBH_LL_Disconnect
 .text.USBH_Get_DevDesc
                0x0800dee0       0x58 ./Middlewares/ST/STM32_USB_Host_Library/Core/Src/usbh_ctlreq.o
                0x0800dee0                USBH_Get_DevDesc
 .text.USBH_Get_CfgDesc
                0x0800df38       0x54 ./Middlewares/ST/STM32_USB_Host_Library/Core/Src/usbh_ctlreq.o
                0x0800df38                USBH_Get_CfgDesc
 .text.USBH_Get_StringDesc
                0x0800df8c       0x68 ./Middlewares/ST/STM32_USB_Host_Library/Core/Src/usbh_ctlreq.o
                0x0800df8c                USBH_Get_StringDesc
 .text.USBH_GetDescriptor
                0x0800dff4       0x6a ./Middlewares/ST/STM32_USB_Host_Library/Core/Src/usbh_ctlreq.o
                0x0800dff4                USBH_GetDescriptor
 .text.USBH_SetAddress
                0x0800e05e       0x48 ./Middlewares/ST/STM32_USB_Host_Library/Core/Src/usbh_ctlreq.o
                0x0800e05e                USBH_SetAddress
 .text.USBH_SetCfg
                0x0800e0a6       0x46 ./Middlewares/ST/STM32_USB_Host_Library/Core/Src/usbh_ctlreq.o
                0x0800e0a6                USBH_SetCfg
 .text.USBH_SetFeature
                0x0800e0ec       0x48 ./Middlewares/ST/STM32_USB_Host_Library/Core/Src/usbh_ctlreq.o
                0x0800e0ec                USBH_SetFeature
 .text.USBH_ClrFeature
                0x0800e134       0x48 ./Middlewares/ST/STM32_USB_Host_Library/Core/Src/usbh_ctlreq.o
                0x0800e134                USBH_ClrFeature
 .text.USBH_ParseDevDesc
                0x0800e17c      0x160 ./Middlewares/ST/STM32_USB_Host_Library/Core/Src/usbh_ctlreq.o
 .text.USBH_ParseCfgDesc
                0x0800e2dc      0x1f0 ./Middlewares/ST/STM32_USB_Host_Library/Core/Src/usbh_ctlreq.o
 .text.USBH_ParseInterfaceDesc
                0x0800e4cc       0x68 ./Middlewares/ST/STM32_USB_Host_Library/Core/Src/usbh_ctlreq.o
 .text.USBH_ParseEPDesc
                0x0800e534      0x1d0 ./Middlewares/ST/STM32_USB_Host_Library/Core/Src/usbh_ctlreq.o
 .text.USBH_ParseStringDesc
                0x0800e704       0x66 ./Middlewares/ST/STM32_USB_Host_Library/Core/Src/usbh_ctlreq.o
 .text.USBH_GetNextDesc
                0x0800e76a       0x34 ./Middlewares/ST/STM32_USB_Host_Library/Core/Src/usbh_ctlreq.o
                0x0800e76a                USBH_GetNextDesc
 .text.USBH_CtlReq
                0x0800e79e       0x7a ./Middlewares/ST/STM32_USB_Host_Library/Core/Src/usbh_ctlreq.o
                0x0800e79e                USBH_CtlReq
 .text.USBH_HandleControl
                0x0800e818      0x2e8 ./Middlewares/ST/STM32_USB_Host_Library/Core/Src/usbh_ctlreq.o
 .text.USBH_CtlSendSetup
                0x0800eb00       0x34 ./Middlewares/ST/STM32_USB_Host_Library/Core/Src/usbh_ioreq.o
                0x0800eb00                USBH_CtlSendSetup
 .text.USBH_CtlSendData
                0x0800eb34       0x4a ./Middlewares/ST/STM32_USB_Host_Library/Core/Src/usbh_ioreq.o
                0x0800eb34                USBH_CtlSendData
 .text.USBH_CtlReceiveData
                0x0800eb7e       0x3c ./Middlewares/ST/STM32_USB_Host_Library/Core/Src/usbh_ioreq.o
                0x0800eb7e                USBH_CtlReceiveData
 .text.USBH_BulkSendData
                0x0800ebba       0x4a ./Middlewares/ST/STM32_USB_Host_Library/Core/Src/usbh_ioreq.o
                0x0800ebba                USBH_BulkSendData
 .text.USBH_BulkReceiveData
                0x0800ec04       0x3c ./Middlewares/ST/STM32_USB_Host_Library/Core/Src/usbh_ioreq.o
                0x0800ec04                USBH_BulkReceiveData
 .text.USBH_OpenPipe
                0x0800ec40       0x3e ./Middlewares/ST/STM32_USB_Host_Library/Core/Src/usbh_pipes.o
                0x0800ec40                USBH_OpenPipe
 .text.USBH_ClosePipe
                0x0800ec7e       0x20 ./Middlewares/ST/STM32_USB_Host_Library/Core/Src/usbh_pipes.o
                0x0800ec7e                USBH_ClosePipe
 .text.USBH_AllocPipe
                0x0800ec9e       0x42 ./Middlewares/ST/STM32_USB_Host_Library/Core/Src/usbh_pipes.o
                0x0800ec9e                USBH_AllocPipe
 .text.USBH_FreePipe
                0x0800ece0       0x3c ./Middlewares/ST/STM32_USB_Host_Library/Core/Src/usbh_pipes.o
                0x0800ece0                USBH_FreePipe
 .text.USBH_GetFreePipe
                0x0800ed1c       0x48 ./Middlewares/ST/STM32_USB_Host_Library/Core/Src/usbh_pipes.o
 .text.MX_USB_HOST_Init
                0x0800ed64       0x4c ./USB_HOST/App/usb_host.o
                0x0800ed64                MX_USB_HOST_Init
 .text.MX_USB_HOST_Process
                0x0800edb0       0x14 ./USB_HOST/App/usb_host.o
                0x0800edb0                MX_USB_HOST_Process
 .text.USBH_UserProcess
                0x0800edc4       0x5c ./USB_HOST/App/usb_host.o
 .text.HAL_HCD_MspInit
                0x0800ee20       0xc4 ./USB_HOST/Target/usbh_conf.o
                0x0800ee20                HAL_HCD_MspInit
 .text.HAL_HCD_SOF_Callback
                0x0800eee4       0x1c ./USB_HOST/Target/usbh_conf.o
                0x0800eee4                HAL_HCD_SOF_Callback
 .text.HAL_HCD_Connect_Callback
                0x0800ef00       0x1c ./USB_HOST/Target/usbh_conf.o
                0x0800ef00                HAL_HCD_Connect_Callback
 .text.HAL_HCD_Disconnect_Callback
                0x0800ef1c       0x1c ./USB_HOST/Target/usbh_conf.o
                0x0800ef1c                HAL_HCD_Disconnect_Callback
 .text.HAL_HCD_HC_NotifyURBChange_Callback
                0x0800ef38       0x1c ./USB_HOST/Target/usbh_conf.o
                0x0800ef38                HAL_HCD_HC_NotifyURBChange_Callback
 .text.HAL_HCD_PortEnabled_Callback
                0x0800ef54       0x1c ./USB_HOST/Target/usbh_conf.o
                0x0800ef54                HAL_HCD_PortEnabled_Callback
 .text.HAL_HCD_PortDisabled_Callback
                0x0800ef70       0x1c ./USB_HOST/Target/usbh_conf.o
                0x0800ef70                HAL_HCD_PortDisabled_Callback
 .text.USBH_LL_Init
                0x0800ef8c       0x78 ./USB_HOST/Target/usbh_conf.o
                0x0800ef8c                USBH_LL_Init
 .text.USBH_LL_Start
                0x0800f004       0x36 ./USB_HOST/Target/usbh_conf.o
                0x0800f004                USBH_LL_Start
 .text.USBH_LL_Stop
                0x0800f03a       0x36 ./USB_HOST/Target/usbh_conf.o
                0x0800f03a                USBH_LL_Stop
 .text.USBH_LL_GetSpeed
                0x0800f070       0x4e ./USB_HOST/Target/usbh_conf.o
                0x0800f070                USBH_LL_GetSpeed
 .text.USBH_LL_ResetPort
                0x0800f0be       0x36 ./USB_HOST/Target/usbh_conf.o
                0x0800f0be                USBH_LL_ResetPort
 .text.USBH_LL_GetLastXferSize
                0x0800f0f4       0x26 ./USB_HOST/Target/usbh_conf.o
                0x0800f0f4                USBH_LL_GetLastXferSize
 .text.USBH_LL_OpenPipe
                0x0800f11a       0x5e ./USB_HOST/Target/usbh_conf.o
                0x0800f11a                USBH_LL_OpenPipe
 .text.USBH_LL_ClosePipe
                0x0800f178       0x3e ./USB_HOST/Target/usbh_conf.o
                0x0800f178                USBH_LL_ClosePipe
 .text.USBH_LL_SubmitURB
                0x0800f1b6       0x62 ./USB_HOST/Target/usbh_conf.o
                0x0800f1b6                USBH_LL_SubmitURB
 .text.USBH_LL_GetURBState
                0x0800f218       0x26 ./USB_HOST/Target/usbh_conf.o
                0x0800f218                USBH_LL_GetURBState
 *fill*         0x0800f23e        0x2 
 .text.USBH_LL_DriverVBUS
                0x0800f240       0x48 ./USB_HOST/Target/usbh_conf.o
                0x0800f240                USBH_LL_DriverVBUS
 .text.USBH_LL_SetToggle
                0x0800f288       0x66 ./USB_HOST/Target/usbh_conf.o
                0x0800f288                USBH_LL_SetToggle
 .text.USBH_Delay
                0x0800f2ee       0x16 ./USB_HOST/Target/usbh_conf.o
                0x0800f2ee                USBH_Delay
 .text.USBH_Get_USB_Status
                0x0800f304       0x58 ./USB_HOST/Target/usbh_conf.o
                0x0800f304                USBH_Get_USB_Status
 .text.malloc   0x0800f35c       0x10 C:/ST/STM32CubeIDE_1.18.0/STM32CubeIDE/plugins/com.st.stm32cube.ide.mcu.externaltools.gnu-tools-for-stm32.13.3.rel1.win32_1.0.0.202411081344/tools/bin/../lib/gcc/arm-none-eabi/13.3.1/../../../../arm-none-eabi/lib/thumb/v7e-m+fp/hard\libc_nano.a(libc_a-malloc.o)
                0x0800f35c                malloc
 .text.free     0x0800f36c       0x10 C:/ST/STM32CubeIDE_1.18.0/STM32CubeIDE/plugins/com.st.stm32cube.ide.mcu.externaltools.gnu-tools-for-stm32.13.3.rel1.win32_1.0.0.202411081344/tools/bin/../lib/gcc/arm-none-eabi/13.3.1/../../../../arm-none-eabi/lib/thumb/v7e-m+fp/hard\libc_nano.a(libc_a-malloc.o)
                0x0800f36c                free
 .text.sbrk_aligned
                0x0800f37c       0x44 C:/ST/STM32CubeIDE_1.18.0/STM32CubeIDE/plugins/com.st.stm32cube.ide.mcu.externaltools.gnu-tools-for-stm32.13.3.rel1.win32_1.0.0.202411081344/tools/bin/../lib/gcc/arm-none-eabi/13.3.1/../../../../arm-none-eabi/lib/thumb/v7e-m+fp/hard\libc_nano.a(libc_a-mallocr.o)
 .text._malloc_r
                0x0800f3c0      0x100 C:/ST/STM32CubeIDE_1.18.0/STM32CubeIDE/plugins/com.st.stm32cube.ide.mcu.externaltools.gnu-tools-for-stm32.13.3.rel1.win32_1.0.0.202411081344/tools/bin/../lib/gcc/arm-none-eabi/13.3.1/../../../../arm-none-eabi/lib/thumb/v7e-m+fp/hard\libc_nano.a(libc_a-mallocr.o)
                0x0800f3c0                _malloc_r
 .text.__malloc_lock
                0x0800f4c0        0xc C:/ST/STM32CubeIDE_1.18.0/STM32CubeIDE/plugins/com.st.stm32cube.ide.mcu.externaltools.gnu-tools-for-stm32.13.3.rel1.win32_1.0.0.202411081344/tools/bin/../lib/gcc/arm-none-eabi/13.3.1/../../../../arm-none-eabi/lib/thumb/v7e-m+fp/hard\libc_nano.a(libc_a-mlock.o)
                0x0800f4c0                __malloc_lock
 .text.__malloc_unlock
                0x0800f4cc        0xc C:/ST/STM32CubeIDE_1.18.0/STM32CubeIDE/plugins/com.st.stm32cube.ide.mcu.externaltools.gnu-tools-for-stm32.13.3.rel1.win32_1.0.0.202411081344/tools/bin/../lib/gcc/arm-none-eabi/13.3.1/../../../../arm-none-eabi/lib/thumb/v7e-m+fp/hard\libc_nano.a(libc_a-mlock.o)
                0x0800f4cc                __malloc_unlock
 .text.std      0x0800f4d8       0x6c C:/ST/STM32CubeIDE_1.18.0/STM32CubeIDE/plugins/com.st.stm32cube.ide.mcu.externaltools.gnu-tools-for-stm32.13.3.rel1.win32_1.0.0.202411081344/tools/bin/../lib/gcc/arm-none-eabi/13.3.1/../../../../arm-none-eabi/lib/thumb/v7e-m+fp/hard\libc_nano.a(libc_a-findfp.o)
 .text.stdio_exit_handler
                0x0800f544       0x18 C:/ST/STM32CubeIDE_1.18.0/STM32CubeIDE/plugins/com.st.stm32cube.ide.mcu.externaltools.gnu-tools-for-stm32.13.3.rel1.win32_1.0.0.202411081344/tools/bin/../lib/gcc/arm-none-eabi/13.3.1/../../../../arm-none-eabi/lib/thumb/v7e-m+fp/hard\libc_nano.a(libc_a-findfp.o)
 .text.cleanup_stdio
                0x0800f55c       0x40 C:/ST/STM32CubeIDE_1.18.0/STM32CubeIDE/plugins/com.st.stm32cube.ide.mcu.externaltools.gnu-tools-for-stm32.13.3.rel1.win32_1.0.0.202411081344/tools/bin/../lib/gcc/arm-none-eabi/13.3.1/../../../../arm-none-eabi/lib/thumb/v7e-m+fp/hard\libc_nano.a(libc_a-findfp.o)
 .text.global_stdio_init.part.0
                0x0800f59c       0x3c C:/ST/STM32CubeIDE_1.18.0/STM32CubeIDE/plugins/com.st.stm32cube.ide.mcu.externaltools.gnu-tools-for-stm32.13.3.rel1.win32_1.0.0.202411081344/tools/bin/../lib/gcc/arm-none-eabi/13.3.1/../../../../arm-none-eabi/lib/thumb/v7e-m+fp/hard\libc_nano.a(libc_a-findfp.o)
 .text.__sfp_lock_acquire
                0x0800f5d8        0xc C:/ST/STM32CubeIDE_1.18.0/STM32CubeIDE/plugins/com.st.stm32cube.ide.mcu.externaltools.gnu-tools-for-stm32.13.3.rel1.win32_1.0.0.202411081344/tools/bin/../lib/gcc/arm-none-eabi/13.3.1/../../../../arm-none-eabi/lib/thumb/v7e-m+fp/hard\libc_nano.a(libc_a-findfp.o)
                0x0800f5d8                __sfp_lock_acquire
 .text.__sfp_lock_release
                0x0800f5e4        0xc C:/ST/STM32CubeIDE_1.18.0/STM32CubeIDE/plugins/com.st.stm32cube.ide.mcu.externaltools.gnu-tools-for-stm32.13.3.rel1.win32_1.0.0.202411081344/tools/bin/../lib/gcc/arm-none-eabi/13.3.1/../../../../arm-none-eabi/lib/thumb/v7e-m+fp/hard\libc_nano.a(libc_a-findfp.o)
                0x0800f5e4                __sfp_lock_release
 .text.__sinit  0x0800f5f0       0x30 C:/ST/STM32CubeIDE_1.18.0/STM32CubeIDE/plugins/com.st.stm32cube.ide.mcu.externaltools.gnu-tools-for-stm32.13.3.rel1.win32_1.0.0.202411081344/tools/bin/../lib/gcc/arm-none-eabi/13.3.1/../../../../arm-none-eabi/lib/thumb/v7e-m+fp/hard\libc_nano.a(libc_a-findfp.o)
                0x0800f5f0                __sinit
 .text._fwalk_sglue
                0x0800f620       0x3c C:/ST/STM32CubeIDE_1.18.0/STM32CubeIDE/plugins/com.st.stm32cube.ide.mcu.externaltools.gnu-tools-for-stm32.13.3.rel1.win32_1.0.0.202411081344/tools/bin/../lib/gcc/arm-none-eabi/13.3.1/../../../../arm-none-eabi/lib/thumb/v7e-m+fp/hard\libc_nano.a(libc_a-fwalk.o)
                0x0800f620                _fwalk_sglue
 .text._puts_r  0x0800f65c       0xaa C:/ST/STM32CubeIDE_1.18.0/STM32CubeIDE/plugins/com.st.stm32cube.ide.mcu.externaltools.gnu-tools-for-stm32.13.3.rel1.win32_1.0.0.202411081344/tools/bin/../lib/gcc/arm-none-eabi/13.3.1/../../../../arm-none-eabi/lib/thumb/v7e-m+fp/hard\libc_nano.a(libc_a-puts.o)
                0x0800f65c                _puts_r
 *fill*         0x0800f706        0x2 
 .text.puts     0x0800f708       0x10 C:/ST/STM32CubeIDE_1.18.0/STM32CubeIDE/plugins/com.st.stm32cube.ide.mcu.externaltools.gnu-tools-for-stm32.13.3.rel1.win32_1.0.0.202411081344/tools/bin/../lib/gcc/arm-none-eabi/13.3.1/../../../../arm-none-eabi/lib/thumb/v7e-m+fp/hard\libc_nano.a(libc_a-puts.o)
                0x0800f708                puts
 .text.__sread  0x0800f718       0x22 C:/ST/STM32CubeIDE_1.18.0/STM32CubeIDE/plugins/com.st.stm32cube.ide.mcu.externaltools.gnu-tools-for-stm32.13.3.rel1.win32_1.0.0.202411081344/tools/bin/../lib/gcc/arm-none-eabi/13.3.1/../../../../arm-none-eabi/lib/thumb/v7e-m+fp/hard\libc_nano.a(libc_a-stdio.o)
                0x0800f718                __sread
 .text.__swrite
                0x0800f73a       0x38 C:/ST/STM32CubeIDE_1.18.0/STM32CubeIDE/plugins/com.st.stm32cube.ide.mcu.externaltools.gnu-tools-for-stm32.13.3.rel1.win32_1.0.0.202411081344/tools/bin/../lib/gcc/arm-none-eabi/13.3.1/../../../../arm-none-eabi/lib/thumb/v7e-m+fp/hard\libc_nano.a(libc_a-stdio.o)
                0x0800f73a                __swrite
 .text.__sseek  0x0800f772       0x24 C:/ST/STM32CubeIDE_1.18.0/STM32CubeIDE/plugins/com.st.stm32cube.ide.mcu.externaltools.gnu-tools-for-stm32.13.3.rel1.win32_1.0.0.202411081344/tools/bin/../lib/gcc/arm-none-eabi/13.3.1/../../../../arm-none-eabi/lib/thumb/v7e-m+fp/hard\libc_nano.a(libc_a-stdio.o)
                0x0800f772                __sseek
 .text.__sclose
                0x0800f796        0x8 C:/ST/STM32CubeIDE_1.18.0/STM32CubeIDE/plugins/com.st.stm32cube.ide.mcu.externaltools.gnu-tools-for-stm32.13.3.rel1.win32_1.0.0.202411081344/tools/bin/../lib/gcc/arm-none-eabi/13.3.1/../../../../arm-none-eabi/lib/thumb/v7e-m+fp/hard\libc_nano.a(libc_a-stdio.o)
                0x0800f796                __sclose
 .text.__swbuf_r
                0x0800f79e       0x7c C:/ST/STM32CubeIDE_1.18.0/STM32CubeIDE/plugins/com.st.stm32cube.ide.mcu.externaltools.gnu-tools-for-stm32.13.3.rel1.win32_1.0.0.202411081344/tools/bin/../lib/gcc/arm-none-eabi/13.3.1/../../../../arm-none-eabi/lib/thumb/v7e-m+fp/hard\libc_nano.a(libc_a-wbuf.o)
                0x0800f79e                __swbuf_r
 *fill*         0x0800f81a        0x2 
 .text.__swsetup_r
                0x0800f81c       0xac C:/ST/STM32CubeIDE_1.18.0/STM32CubeIDE/plugins/com.st.stm32cube.ide.mcu.externaltools.gnu-tools-for-stm32.13.3.rel1.win32_1.0.0.202411081344/tools/bin/../lib/gcc/arm-none-eabi/13.3.1/../../../../arm-none-eabi/lib/thumb/v7e-m+fp/hard\libc_nano.a(libc_a-wsetup.o)
                0x0800f81c                __swsetup_r
 .text.memset   0x0800f8c8       0x10 C:/ST/STM32CubeIDE_1.18.0/STM32CubeIDE/plugins/com.st.stm32cube.ide.mcu.externaltools.gnu-tools-for-stm32.13.3.rel1.win32_1.0.0.202411081344/tools/bin/../lib/gcc/arm-none-eabi/13.3.1/../../../../arm-none-eabi/lib/thumb/v7e-m+fp/hard\libc_nano.a(libc_a-memset.o)
                0x0800f8c8                memset
 .text.strncpy  0x0800f8d8       0x26 C:/ST/STM32CubeIDE_1.18.0/STM32CubeIDE/plugins/com.st.stm32cube.ide.mcu.externaltools.gnu-tools-for-stm32.13.3.rel1.win32_1.0.0.202411081344/tools/bin/../lib/gcc/arm-none-eabi/13.3.1/../../../../arm-none-eabi/lib/thumb/v7e-m+fp/hard\libc_nano.a(libc_a-strncpy.o)
                0x0800f8d8                strncpy
 *fill*         0x0800f8fe        0x2 
 .text._close_r
                0x0800f900       0x20 C:/ST/STM32CubeIDE_1.18.0/STM32CubeIDE/plugins/com.st.stm32cube.ide.mcu.externaltools.gnu-tools-for-stm32.13.3.rel1.win32_1.0.0.202411081344/tools/bin/../lib/gcc/arm-none-eabi/13.3.1/../../../../arm-none-eabi/lib/thumb/v7e-m+fp/hard\libc_nano.a(libc_a-closer.o)
                0x0800f900                _close_r
 .text._lseek_r
                0x0800f920       0x24 C:/ST/STM32CubeIDE_1.18.0/STM32CubeIDE/plugins/com.st.stm32cube.ide.mcu.externaltools.gnu-tools-for-stm32.13.3.rel1.win32_1.0.0.202411081344/tools/bin/../lib/gcc/arm-none-eabi/13.3.1/../../../../arm-none-eabi/lib/thumb/v7e-m+fp/hard\libc_nano.a(libc_a-lseekr.o)
                0x0800f920                _lseek_r
 .text._read_r  0x0800f944       0x24 C:/ST/STM32CubeIDE_1.18.0/STM32CubeIDE/plugins/com.st.stm32cube.ide.mcu.externaltools.gnu-tools-for-stm32.13.3.rel1.win32_1.0.0.202411081344/tools/bin/../lib/gcc/arm-none-eabi/13.3.1/../../../../arm-none-eabi/lib/thumb/v7e-m+fp/hard\libc_nano.a(libc_a-readr.o)
                0x0800f944                _read_r
 .text._sbrk_r  0x0800f968       0x20 C:/ST/STM32CubeIDE_1.18.0/STM32CubeIDE/plugins/com.st.stm32cube.ide.mcu.externaltools.gnu-tools-for-stm32.13.3.rel1.win32_1.0.0.202411081344/tools/bin/../lib/gcc/arm-none-eabi/13.3.1/../../../../arm-none-eabi/lib/thumb/v7e-m+fp/hard\libc_nano.a(libc_a-sbrkr.o)
                0x0800f968                _sbrk_r
 .text._write_r
                0x0800f988       0x24 C:/ST/STM32CubeIDE_1.18.0/STM32CubeIDE/plugins/com.st.stm32cube.ide.mcu.externaltools.gnu-tools-for-stm32.13.3.rel1.win32_1.0.0.202411081344/tools/bin/../lib/gcc/arm-none-eabi/13.3.1/../../../../arm-none-eabi/lib/thumb/v7e-m+fp/hard\libc_nano.a(libc_a-writer.o)
                0x0800f988                _write_r
 .text.__errno  0x0800f9ac        0xc C:/ST/STM32CubeIDE_1.18.0/STM32CubeIDE/plugins/com.st.stm32cube.ide.mcu.externaltools.gnu-tools-for-stm32.13.3.rel1.win32_1.0.0.202411081344/tools/bin/../lib/gcc/arm-none-eabi/13.3.1/../../../../arm-none-eabi/lib/thumb/v7e-m+fp/hard\libc_nano.a(libc_a-errno.o)
                0x0800f9ac                __errno
 .text.__libc_init_array
                0x0800f9b8       0x48 C:/ST/STM32CubeIDE_1.18.0/STM32CubeIDE/plugins/com.st.stm32cube.ide.mcu.externaltools.gnu-tools-for-stm32.13.3.rel1.win32_1.0.0.202411081344/tools/bin/../lib/gcc/arm-none-eabi/13.3.1/../../../../arm-none-eabi/lib/thumb/v7e-m+fp/hard\libc_nano.a(libc_a-init.o)
                0x0800f9b8                __libc_init_array
 .text.__retarget_lock_init_recursive
                0x0800fa00        0x2 C:/ST/STM32CubeIDE_1.18.0/STM32CubeIDE/plugins/com.st.stm32cube.ide.mcu.externaltools.gnu-tools-for-stm32.13.3.rel1.win32_1.0.0.202411081344/tools/bin/../lib/gcc/arm-none-eabi/13.3.1/../../../../arm-none-eabi/lib/thumb/v7e-m+fp/hard\libc_nano.a(libc_a-lock.o)
                0x0800fa00                __retarget_lock_init_recursive
 .text.__retarget_lock_acquire_recursive
                0x0800fa02        0x2 C:/ST/STM32CubeIDE_1.18.0/STM32CubeIDE/plugins/com.st.stm32cube.ide.mcu.externaltools.gnu-tools-for-stm32.13.3.rel1.win32_1.0.0.202411081344/tools/bin/../lib/gcc/arm-none-eabi/13.3.1/../../../../arm-none-eabi/lib/thumb/v7e-m+fp/hard\libc_nano.a(libc_a-lock.o)
                0x0800fa02                __retarget_lock_acquire_recursive
 .text.__retarget_lock_release_recursive
                0x0800fa04        0x2 C:/ST/STM32CubeIDE_1.18.0/STM32CubeIDE/plugins/com.st.stm32cube.ide.mcu.externaltools.gnu-tools-for-stm32.13.3.rel1.win32_1.0.0.202411081344/tools/bin/../lib/gcc/arm-none-eabi/13.3.1/../../../../arm-none-eabi/lib/thumb/v7e-m+fp/hard\libc_nano.a(libc_a-lock.o)
                0x0800fa04                __retarget_lock_release_recursive
 .text.memcpy   0x0800fa06       0x1c C:/ST/STM32CubeIDE_1.18.0/STM32CubeIDE/plugins/com.st.stm32cube.ide.mcu.externaltools.gnu-tools-for-stm32.13.3.rel1.win32_1.0.0.202411081344/tools/bin/../lib/gcc/arm-none-eabi/13.3.1/../../../../arm-none-eabi/lib/thumb/v7e-m+fp/hard\libc_nano.a(libc_a-memcpy-stub.o)
                0x0800fa06                memcpy
 *fill*         0x0800fa22        0x2 
 .text._free_r  0x0800fa24       0x94 C:/ST/STM32CubeIDE_1.18.0/STM32CubeIDE/plugins/com.st.stm32cube.ide.mcu.externaltools.gnu-tools-for-stm32.13.3.rel1.win32_1.0.0.202411081344/tools/bin/../lib/gcc/arm-none-eabi/13.3.1/../../../../arm-none-eabi/lib/thumb/v7e-m+fp/hard\libc_nano.a(libc_a-freer.o)
                0x0800fa24                _free_r
 .text.__sflush_r
                0x0800fab8      0x108 C:/ST/STM32CubeIDE_1.18.0/STM32CubeIDE/plugins/com.st.stm32cube.ide.mcu.externaltools.gnu-tools-for-stm32.13.3.rel1.win32_1.0.0.202411081344/tools/bin/../lib/gcc/arm-none-eabi/13.3.1/../../../../arm-none-eabi/lib/thumb/v7e-m+fp/hard\libc_nano.a(libc_a-fflush.o)
                0x0800fab8                __sflush_r
 .text._fflush_r
                0x0800fbc0       0x50 C:/ST/STM32CubeIDE_1.18.0/STM32CubeIDE/plugins/com.st.stm32cube.ide.mcu.externaltools.gnu-tools-for-stm32.13.3.rel1.win32_1.0.0.202411081344/tools/bin/../lib/gcc/arm-none-eabi/13.3.1/../../../../arm-none-eabi/lib/thumb/v7e-m+fp/hard\libc_nano.a(libc_a-fflush.o)
                0x0800fbc0                _fflush_r
 .text.__swhatbuf_r
                0x0800fc10       0x4c C:/ST/STM32CubeIDE_1.18.0/STM32CubeIDE/plugins/com.st.stm32cube.ide.mcu.externaltools.gnu-tools-for-stm32.13.3.rel1.win32_1.0.0.202411081344/tools/bin/../lib/gcc/arm-none-eabi/13.3.1/../../../../arm-none-eabi/lib/thumb/v7e-m+fp/hard\libc_nano.a(libc_a-makebuf.o)
                0x0800fc10                __swhatbuf_r
 .text.__smakebuf_r
                0x0800fc5c       0x78 C:/ST/STM32CubeIDE_1.18.0/STM32CubeIDE/plugins/com.st.stm32cube.ide.mcu.externaltools.gnu-tools-for-stm32.13.3.rel1.win32_1.0.0.202411081344/tools/bin/../lib/gcc/arm-none-eabi/13.3.1/../../../../arm-none-eabi/lib/thumb/v7e-m+fp/hard\libc_nano.a(libc_a-makebuf.o)
                0x0800fc5c                __smakebuf_r
 .text._fstat_r
                0x0800fcd4       0x24 C:/ST/STM32CubeIDE_1.18.0/STM32CubeIDE/plugins/com.st.stm32cube.ide.mcu.externaltools.gnu-tools-for-stm32.13.3.rel1.win32_1.0.0.202411081344/tools/bin/../lib/gcc/arm-none-eabi/13.3.1/../../../../arm-none-eabi/lib/thumb/v7e-m+fp/hard\libc_nano.a(libc_a-fstatr.o)
                0x0800fcd4                _fstat_r
 .text._isatty_r
                0x0800fcf8       0x20 C:/ST/STM32CubeIDE_1.18.0/STM32CubeIDE/plugins/com.st.stm32cube.ide.mcu.externaltools.gnu-tools-for-stm32.13.3.rel1.win32_1.0.0.202411081344/tools/bin/../lib/gcc/arm-none-eabi/13.3.1/../../../../arm-none-eabi/lib/thumb/v7e-m+fp/hard\libc_nano.a(libc_a-isattyr.o)
                0x0800fcf8                _isatty_r
 *(.glue_7)
 .glue_7        0x0800fd18        0x0 linker stubs
 *(.glue_7t)
 .glue_7t       0x0800fd18        0x0 linker stubs
 *(.eh_frame)
 .eh_frame      0x0800fd18        0x0 C:/ST/STM32CubeIDE_1.18.0/STM32CubeIDE/plugins/com.st.stm32cube.ide.mcu.externaltools.gnu-tools-for-stm32.13.3.rel1.win32_1.0.0.202411081344/tools/bin/../lib/gcc/arm-none-eabi/13.3.1/thumb/v7e-m+fp/hard/crtbegin.o
 *(.init)
 .init          0x0800fd18        0x4 C:/ST/STM32CubeIDE_1.18.0/STM32CubeIDE/plugins/com.st.stm32cube.ide.mcu.externaltools.gnu-tools-for-stm32.13.3.rel1.win32_1.0.0.202411081344/tools/bin/../lib/gcc/arm-none-eabi/13.3.1/thumb/v7e-m+fp/hard/crti.o
                0x0800fd18                _init
 .init          0x0800fd1c        0x8 C:/ST/STM32CubeIDE_1.18.0/STM32CubeIDE/plugins/com.st.stm32cube.ide.mcu.externaltools.gnu-tools-for-stm32.13.3.rel1.win32_1.0.0.202411081344/tools/bin/../lib/gcc/arm-none-eabi/13.3.1/thumb/v7e-m+fp/hard/crtn.o
 *(.fini)
 .fini          0x0800fd24        0x4 C:/ST/STM32CubeIDE_1.18.0/STM32CubeIDE/plugins/com.st.stm32cube.ide.mcu.externaltools.gnu-tools-for-stm32.13.3.rel1.win32_1.0.0.202411081344/tools/bin/../lib/gcc/arm-none-eabi/13.3.1/thumb/v7e-m+fp/hard/crti.o
                0x0800fd24                _fini
 .fini          0x0800fd28        0x8 C:/ST/STM32CubeIDE_1.18.0/STM32CubeIDE/plugins/com.st.stm32cube.ide.mcu.externaltools.gnu-tools-for-stm32.13.3.rel1.win32_1.0.0.202411081344/tools/bin/../lib/gcc/arm-none-eabi/13.3.1/thumb/v7e-m+fp/hard/crtn.o
                0x0800fd30                        . = ALIGN (0x4)
                0x0800fd30                        _etext = .

.vfp11_veneer   0x0800fd30        0x0
 .vfp11_veneer  0x0800fd30        0x0 linker stubs

.v4_bx          0x0800fd30        0x0
 .v4_bx         0x0800fd30        0x0 linker stubs

.iplt           0x0800fd30        0x0
 .iplt          0x0800fd30        0x0 C:/ST/STM32CubeIDE_1.18.0/STM32CubeIDE/plugins/com.st.stm32cube.ide.mcu.externaltools.gnu-tools-for-stm32.13.3.rel1.win32_1.0.0.202411081344/tools/bin/../lib/gcc/arm-none-eabi/13.3.1/thumb/v7e-m+fp/hard/crtbegin.o

.rodata         0x0800fd30     0x1648
                0x0800fd30                        . = ALIGN (0x4)
 *(.rodata)
 .rodata        0x0800fd30     0x15cb ./Core/Src/main.o
 *fill*         0x080112fb        0x1 
 .rodata        0x080112fc       0x62 ./Core/Src/stm32f4xx_hal_msp.o
 *fill*         0x0801135e        0x2 
 .rodata        0x08011360        0x4 ./Middlewares/ST/STM32_USB_Host_Library/Class/CDC/Src/usbh_cdc.o
 *(.rodata*)
 .rodata.DTIDMask.0
                0x08011364        0x2 ./Core/Src/libcanard_canard.o
 *fill*         0x08011366        0x2 
 .rodata.AHBPrescTable
                0x08011368       0x10 ./Core/Src/system_stm32f4xx.o
                0x08011368                AHBPrescTable
                0x08011378                        . = ALIGN (0x4)

.ARM.extab      0x08011378        0x0
                0x08011378                        . = ALIGN (0x4)
 *(.ARM.extab* .gnu.linkonce.armextab.*)
                0x08011378                        . = ALIGN (0x4)

.ARM            0x08011378        0x8
                0x08011378                        . = ALIGN (0x4)
                0x08011378                        __exidx_start = .
 *(.ARM.exidx*)
 .ARM.exidx     0x08011378        0x8 C:/ST/STM32CubeIDE_1.18.0/STM32CubeIDE/plugins/com.st.stm32cube.ide.mcu.externaltools.gnu-tools-for-stm32.13.3.rel1.win32_1.0.0.202411081344/tools/bin/../lib/gcc/arm-none-eabi/13.3.1/../../../../arm-none-eabi/lib/thumb/v7e-m+fp/hard\libc_nano.a(libc_a-strcmp.o)
 .ARM.exidx     0x08011380        0x0 C:/ST/STM32CubeIDE_1.18.0/STM32CubeIDE/plugins/com.st.stm32cube.ide.mcu.externaltools.gnu-tools-for-stm32.13.3.rel1.win32_1.0.0.202411081344/tools/bin/../lib/gcc/arm-none-eabi/13.3.1/../../../../arm-none-eabi/lib/thumb/v7e-m+fp/hard\libc_nano.a(libc_a-strlen.o)
                                  0x8 (size before relaxing)
 .ARM.exidx     0x08011380        0x0 C:/ST/STM32CubeIDE_1.18.0/STM32CubeIDE/plugins/com.st.stm32cube.ide.mcu.externaltools.gnu-tools-for-stm32.13.3.rel1.win32_1.0.0.202411081344/tools/bin/../lib/gcc/arm-none-eabi/13.3.1/thumb/v7e-m+fp/hard\libgcc.a(_udivmoddi4.o)
                                  0x8 (size before relaxing)
                0x08011380                        __exidx_end = .
                0x08011380                        . = ALIGN (0x4)

.preinit_array  0x08011380        0x0
                0x08011380                        . = ALIGN (0x4)
                0x08011380                        PROVIDE (__preinit_array_start = .)
 *(.preinit_array*)
                0x08011380                        PROVIDE (__preinit_array_end = .)
                0x08011380                        . = ALIGN (0x4)

.init_array     0x08011380        0x4
                0x08011380                        . = ALIGN (0x4)
                0x08011380                        PROVIDE (__init_array_start = .)
 *(SORT_BY_NAME(.init_array.*))
 *(.init_array*)
 .init_array    0x08011380        0x4 C:/ST/STM32CubeIDE_1.18.0/STM32CubeIDE/plugins/com.st.stm32cube.ide.mcu.externaltools.gnu-tools-for-stm32.13.3.rel1.win32_1.0.0.202411081344/tools/bin/../lib/gcc/arm-none-eabi/13.3.1/thumb/v7e-m+fp/hard/crtbegin.o
                0x08011384                        PROVIDE (__init_array_end = .)
                0x08011384                        . = ALIGN (0x4)

.fini_array     0x08011384        0x4
                0x08011384                        . = ALIGN (0x4)
                [!provide]                        PROVIDE (__fini_array_start = .)
 *(SORT_BY_NAME(.fini_array.*))
 *(.fini_array*)
 .fini_array    0x08011384        0x4 C:/ST/STM32CubeIDE_1.18.0/STM32CubeIDE/plugins/com.st.stm32cube.ide.mcu.externaltools.gnu-tools-for-stm32.13.3.rel1.win32_1.0.0.202411081344/tools/bin/../lib/gcc/arm-none-eabi/13.3.1/thumb/v7e-m+fp/hard/crtbegin.o
                [!provide]                        PROVIDE (__fini_array_end = .)
                0x08011388                        . = ALIGN (0x4)
                0x08011388                        _sidata = LOADADDR (.data)

.rel.dyn        0x08011388        0x0
 .rel.iplt      0x08011388        0x0 C:/ST/STM32CubeIDE_1.18.0/STM32CubeIDE/plugins/com.st.stm32cube.ide.mcu.externaltools.gnu-tools-for-stm32.13.3.rel1.win32_1.0.0.202411081344/tools/bin/../lib/gcc/arm-none-eabi/13.3.1/thumb/v7e-m+fp/hard/crtbegin.o

.data           0x20000000     0x19a0 load address 0x08011388
                0x20000000                        . = ALIGN (0x4)
                0x20000000                        _sdata = .
 *(.data)
 *(.data*)
 .data.parameters
                0x20000000     0x1900 ./Core/Src/main.o
 .data.maxPosition
                0x20001900        0x4 ./Core/Src/main.o
 .data.midPosition
                0x20001904        0x4 ./Core/Src/main.o
 .data.minPosition
                0x20001908        0x4 ./Core/Src/main.o
 .data.profile_velocity
                0x2000190c        0x4 ./Core/Src/main.o
 .data.profile_acceleration
                0x20001910        0x4 ./Core/Src/main.o
 .data.profile_deceleration
                0x20001914        0x4 ./Core/Src/main.o
 .data.SystemCoreClock
                0x20001918        0x4 ./Core/Src/system_stm32f4xx.o
                0x20001918                SystemCoreClock
 .data.uwTickPrio
                0x2000191c        0x4 ./Drivers/STM32F4xx_HAL_Driver/Src/stm32f4xx_hal.o
                0x2000191c                uwTickPrio
 .data.uwTickFreq
                0x20001920        0x1 ./Drivers/STM32F4xx_HAL_Driver/Src/stm32f4xx_hal.o
                0x20001920                uwTickFreq
 *fill*         0x20001921        0x3 
 .data.CDC_Class
                0x20001924       0x20 ./Middlewares/ST/STM32_USB_Host_Library/Class/CDC/Src/usbh_cdc.o
                0x20001924                CDC_Class
 .data.__sglue  0x20001944        0xc C:/ST/STM32CubeIDE_1.18.0/STM32CubeIDE/plugins/com.st.stm32cube.ide.mcu.externaltools.gnu-tools-for-stm32.13.3.rel1.win32_1.0.0.202411081344/tools/bin/../lib/gcc/arm-none-eabi/13.3.1/../../../../arm-none-eabi/lib/thumb/v7e-m+fp/hard\libc_nano.a(libc_a-findfp.o)
                0x20001944                __sglue
 .data._impure_ptr
                0x20001950        0x4 C:/ST/STM32CubeIDE_1.18.0/STM32CubeIDE/plugins/com.st.stm32cube.ide.mcu.externaltools.gnu-tools-for-stm32.13.3.rel1.win32_1.0.0.202411081344/tools/bin/../lib/gcc/arm-none-eabi/13.3.1/../../../../arm-none-eabi/lib/thumb/v7e-m+fp/hard\libc_nano.a(libc_a-impure.o)
                0x20001950                _impure_ptr
 .data._impure_data
                0x20001954       0x4c C:/ST/STM32CubeIDE_1.18.0/STM32CubeIDE/plugins/com.st.stm32cube.ide.mcu.externaltools.gnu-tools-for-stm32.13.3.rel1.win32_1.0.0.202411081344/tools/bin/../lib/gcc/arm-none-eabi/13.3.1/../../../../arm-none-eabi/lib/thumb/v7e-m+fp/hard\libc_nano.a(libc_a-impure.o)
                0x20001954                _impure_data
 *(.RamFunc)
 *(.RamFunc*)
                0x200019a0                        . = ALIGN (0x4)
                0x200019a0                        _edata = .
                0x08012d28                        _siccmram = LOADADDR (.ccmram)

.igot.plt       0x200019a0        0x0 load address 0x08012d28
 .igot.plt      0x200019a0        0x0 C:/ST/STM32CubeIDE_1.18.0/STM32CubeIDE/plugins/com.st.stm32cube.ide.mcu.externaltools.gnu-tools-for-stm32.13.3.rel1.win32_1.0.0.202411081344/tools/bin/../lib/gcc/arm-none-eabi/13.3.1/thumb/v7e-m+fp/hard/crtbegin.o

.ccmram         0x10000000        0x0 load address 0x08012d28
                0x10000000                        . = ALIGN (0x4)
                0x10000000                        _sccmram = .
 *(.ccmram)
 *(.ccmram*)
                0x10000000                        . = ALIGN (0x4)
                0x10000000                        _eccmram = .
                0x10000000                        . = ALIGN (0x4)

.bss            0x200019a0     0x4abc
                0x200019a0                        _sbss = .
                0x200019a0                        __bss_start__ = _sbss
 *(.bss)
 .bss           0x200019a0       0x1c C:/ST/STM32CubeIDE_1.18.0/STM32CubeIDE/plugins/com.st.stm32cube.ide.mcu.externaltools.gnu-tools-for-stm32.13.3.rel1.win32_1.0.0.202411081344/tools/bin/../lib/gcc/arm-none-eabi/13.3.1/thumb/v7e-m+fp/hard/crtbegin.o
 *(.bss*)
 .bss.targetPosition
                0x200019bc        0x4 ./Core/Src/main.o
 .bss.command_pending
                0x200019c0        0x1 ./Core/Src/main.o
                0x200019c0                command_pending
 *fill*         0x200019c1        0x3 
 .bss.pending_position
                0x200019c4        0x4 ./Core/Src/main.o
                0x200019c4                pending_position
 .bss.initial_sync_completed
                0x200019c8        0x1 ./Core/Src/main.o
                0x200019c8                initial_sync_completed
 *fill*         0x200019c9        0x1 
 .bss.latest_ardupilot_command
                0x200019ca        0x2 ./Core/Src/main.o
                0x200019ca                latest_ardupilot_command
 .bss.ardupilot_command_received
                0x200019cc        0x1 ./Core/Src/main.o
                0x200019cc                ardupilot_command_received
 *fill*         0x200019cd        0x3 
 .bss.hcan1     0x200019d0       0x28 ./Core/Src/main.o
                0x200019d0                hcan1
 .bss.hi2s3     0x200019f8       0x48 ./Core/Src/main.o
                0x200019f8                hi2s3
 .bss.hspi1     0x20001a40       0x58 ./Core/Src/main.o
                0x20001a40                hspi1
 .bss.current_position
                0x20001a98        0x4 ./Core/Src/main.o
                0x20001a98                current_position
 .bss.all_params_broadcast
                0x20001a9c        0x1 ./Core/Src/main.o
                0x20001a9c                all_params_broadcast
 *fill*         0x20001a9d        0x3 
 .bss.canard_memory_pool
                0x20001aa0     0x4000 ./Core/Src/main.o
 .bss.canard    0x20005aa0       0x2c ./Core/Src/main.o
                0x20005aa0                canard
 .bss.can_rx_led
                0x20005acc        0x1 ./Core/Src/main.o
                0x20005acc                can_rx_led
 .bss.last_sdo_error
                0x20005acd        0x1 ./Core/Src/main.o
                0x20005acd                last_sdo_error
 .bss.position_restored
                0x20005ace        0x1 ./Core/Src/main.o
                0x20005ace                position_restored
 *fill*         0x20005acf        0x1 
 .bss.loop_counter.26
                0x20005ad0        0x4 ./Core/Src/main.o
 .bss.command_logged.25
                0x20005ad4        0x1 ./Core/Src/main.o
 *fill*         0x20005ad5        0x3 
 .bss.last_epos4_check_ms.24
                0x20005ad8        0x4 ./Core/Src/main.o
 .bss.transfer_id.23
                0x20005adc        0x1 ./Core/Src/main.o
 *fill*         0x20005add        0x3 
 .bss.last_1hz_task_ms.21
                0x20005ae0        0x8 ./Core/Src/main.o
 .bss.param_broadcast_counter.20
                0x20005ae8        0x1 ./Core/Src/main.o
 .bss.transfer_id.19
                0x20005ae9        0x1 ./Core/Src/main.o
 *fill*         0x20005aea        0x6 
 .bss.last_param_broadcast_ms.18
                0x20005af0        0x8 ./Core/Src/main.o
 .bss.param_transfer_id.15
                0x20005af8        0x1 ./Core/Src/main.o
 *fill*         0x20005af9        0x3 
 .bss.last_tick.12
                0x20005afc        0x4 ./Core/Src/main.o
 .bss.overflow_count.11
                0x20005b00        0x8 ./Core/Src/main.o
 .bss.last_command_time.8
                0x20005b08        0x4 ./Core/Src/main.o
 .bss.last_command.7
                0x20005b0c        0x2 ./Core/Src/main.o
 *fill*         0x20005b0e        0x2 
 .bss.last_command_time.6
                0x20005b10        0x4 ./Core/Src/main.o
 .bss.transfer_id.5
                0x20005b14        0x1 ./Core/Src/main.o
 *fill*         0x20005b15        0x3 
 .bss.position_to_reach.4
                0x20005b18        0x4 ./Core/Src/main.o
 .bss.current_state.3
                0x20005b1c        0x1 ./Core/Src/main.o
 *fill*         0x20005b1d        0x3 
 .bss.last_state_change.2
                0x20005b20        0x4 ./Core/Src/main.o
 .bss.last_save_time.1
                0x20005b24        0x4 ./Core/Src/main.o
 .bss.last_saved_position.0
                0x20005b28        0x4 ./Core/Src/main.o
 .bss.__sbrk_heap_end
                0x20005b2c        0x4 ./Core/Src/sysmem.o
 .bss.uwTick    0x20005b30        0x4 ./Drivers/STM32F4xx_HAL_Driver/Src/stm32f4xx_hal.o
                0x20005b30                uwTick
 .bss.pFlash    0x20005b34       0x20 ./Drivers/STM32F4xx_HAL_Driver/Src/stm32f4xx_hal_flash.o
                0x20005b34                pFlash
 .bss.hUsbHostFS
                0x20005b54      0x3d8 ./USB_HOST/App/usb_host.o
                0x20005b54                hUsbHostFS
 .bss.Appli_state
                0x20005f2c        0x1 ./USB_HOST/App/usb_host.o
                0x20005f2c                Appli_state
 *fill*         0x20005f2d        0x3 
 .bss.hhcd_USB_OTG_FS
                0x20005f30      0x3e0 ./USB_HOST/Target/usbh_conf.o
                0x20005f30                hhcd_USB_OTG_FS
 .bss.__malloc_sbrk_start
                0x20006310        0x4 C:/ST/STM32CubeIDE_1.18.0/STM32CubeIDE/plugins/com.st.stm32cube.ide.mcu.externaltools.gnu-tools-for-stm32.13.3.rel1.win32_1.0.0.202411081344/tools/bin/../lib/gcc/arm-none-eabi/13.3.1/../../../../arm-none-eabi/lib/thumb/v7e-m+fp/hard\libc_nano.a(libc_a-mallocr.o)
                0x20006310                __malloc_sbrk_start
 .bss.__malloc_free_list
                0x20006314        0x4 C:/ST/STM32CubeIDE_1.18.0/STM32CubeIDE/plugins/com.st.stm32cube.ide.mcu.externaltools.gnu-tools-for-stm32.13.3.rel1.win32_1.0.0.202411081344/tools/bin/../lib/gcc/arm-none-eabi/13.3.1/../../../../arm-none-eabi/lib/thumb/v7e-m+fp/hard\libc_nano.a(libc_a-mallocr.o)
                0x20006314                __malloc_free_list
 .bss.__sf      0x20006318      0x138 C:/ST/STM32CubeIDE_1.18.0/STM32CubeIDE/plugins/com.st.stm32cube.ide.mcu.externaltools.gnu-tools-for-stm32.13.3.rel1.win32_1.0.0.202411081344/tools/bin/../lib/gcc/arm-none-eabi/13.3.1/../../../../arm-none-eabi/lib/thumb/v7e-m+fp/hard\libc_nano.a(libc_a-findfp.o)
                0x20006318                __sf
 .bss.__stdio_exit_handler
                0x20006450        0x4 C:/ST/STM32CubeIDE_1.18.0/STM32CubeIDE/plugins/com.st.stm32cube.ide.mcu.externaltools.gnu-tools-for-stm32.13.3.rel1.win32_1.0.0.202411081344/tools/bin/../lib/gcc/arm-none-eabi/13.3.1/../../../../arm-none-eabi/lib/thumb/v7e-m+fp/hard\libc_nano.a(libc_a-findfp.o)
                0x20006450                __stdio_exit_handler
 .bss.errno     0x20006454        0x4 C:/ST/STM32CubeIDE_1.18.0/STM32CubeIDE/plugins/com.st.stm32cube.ide.mcu.externaltools.gnu-tools-for-stm32.13.3.rel1.win32_1.0.0.202411081344/tools/bin/../lib/gcc/arm-none-eabi/13.3.1/../../../../arm-none-eabi/lib/thumb/v7e-m+fp/hard\libc_nano.a(libc_a-reent.o)
                0x20006454                errno
 .bss.__lock___malloc_recursive_mutex
                0x20006458        0x1 C:/ST/STM32CubeIDE_1.18.0/STM32CubeIDE/plugins/com.st.stm32cube.ide.mcu.externaltools.gnu-tools-for-stm32.13.3.rel1.win32_1.0.0.202411081344/tools/bin/../lib/gcc/arm-none-eabi/13.3.1/../../../../arm-none-eabi/lib/thumb/v7e-m+fp/hard\libc_nano.a(libc_a-lock.o)
                0x20006458                __lock___malloc_recursive_mutex