../Core/Src/main.c:216:5:main	88	static
../Core/Src/main.c:409:6:SystemClock_Config	88	static
../Core/Src/main.c:455:13:MX_CAN1_Init	8	static
../Core/Src/main.c:502:13:MX_I2S3_Init	8	static
../Core/Src/main.c:536:13:MX_SPI1_Init	8	static
../Core/Src/main.c:574:13:MX_GPIO_Init	56	static
../Core/Src/main.c:676:14:memAllocate	16	static
../Core/Src/main.c:682:13:memFree	16	static
../Core/Src/main.c:688:6:process_canard_TX_queue	48	static
../Core/Src/main.c:745:6:HAL_CAN_RxFifo0MsgPendingCallback	80	static
../Core/Src/main.c:775:6:HAL_CAN_RxFifo1MsgPendingCallback	16	static
../Core/Src/main.c:780:6:send_heartbeat	56	static
../Core/Src/main.c:829:13:shouldAcceptTransfer	32	static
../Core/Src/main.c:900:6:handle_get_node_info	176	static
../Core/Src/main.c:1001:6:onTransferReceived	368	static
../Core/Src/main.c:1357:6:send_node_name	184	static
../Core/Src/main.c:1429:6:epos4_send_sdo_write	56	static
../Core/Src/main.c:1486:6:epos4_send_sdo_read	56	static
../Core/Src/main.c:1521:6:epos4_set_operation_mode	16	static
../Core/Src/main.c:1530:6:epos4_set_target_velocity	16	static
../Core/Src/main.c:1536:6:epos4_set_target_position	16	static
../Core/Src/main.c:1542:6:epos4_enable_motor	8	static
../Core/Src/main.c:1563:6:epos4_disable_motor	8	static
../Core/Src/main.c:1574:6:epos4_send_pdo	48	static
../Core/Src/main.c:1593:6:handle_ardupilot_command	24	static
../Core/Src/main.c:1624:6:EPOS4_SetTargetPosition_Legacy	72	static
../Core/Src/main.c:1658:6:EPOS4_SetControlWord	64	static
../Core/Src/main.c:1690:6:EPOS4_Init_Legacy	64	static
../Core/Src/main.c:1743:6:Error_Handler	8	static,ignoring_inline_asm
../Core/Src/main.c:1781:6:CANopen_NMT_Command	48	static
../Core/Src/main.c:1813:6:EPOS4_SetOperationMode	56	static
../Core/Src/main.c:1848:6:EPOS4_SetProfileVelocity	64	static
../Core/Src/main.c:1887:6:EPOS4_SetProfileAcceleration	64	static
../Core/Src/main.c:1926:6:EPOS4_SetProfileDeceleration	64	static
