C:\ST\STM32CubeIDE_1.18.0\STM32CubeIDE\plugins\com.st.stm32cube.ide.mcu.externaltools.gnu-tools-for-stm32.13.3.rel1.win32_1.0.0.202411081344\tools\bin/../lib/gcc/arm-none-eabi/13.3.1/../../../../arm-none-eabi/include/stdio.h:206:5:printf	4	static
../Core/Src/main.c:412:5:main	128	static
../Core/Src/main.c:756:6:SystemClock_Config	88	static
../Core/Src/main.c:802:13:MX_CAN1_Init	8	static
../Core/Src/main.c:844:13:MX_I2S3_Init	8	static
../Core/Src/main.c:878:13:MX_SPI1_Init	8	static
../Core/Src/main.c:916:13:MX_GPIO_Init	56	static
../Core/Src/main.c:1018:14:memAllocate	16	static
../Core/Src/main.c:1024:13:memFree	16	static
../Core/Src/main.c:1030:6:process_canard_TX_queue	48	static
../Core/Src/main.c:1067:6:HAL_CAN_RxFifo0MsgPendingCallback	136	static
../Core/Src/main.c:1227:6:HAL_CAN_RxFifo1MsgPendingCallback	16	static
../Core/Src/main.c:1233:6:processTxRxOnce	64	static
../Core/Src/main.c:1297:6:send_NodeStatus	48	static
../Core/Src/main.c:1337:13:shouldAcceptTransfer	24	static
../Core/Src/main.c:1404:6:readUniqueID	24	static
../Core/Src/main.c:1412:6:handle_get_node_info	440	static
../Core/Src/main.c:1429:10:makeNodeInfoMessage	24	static
../Core/Src/main.c:1445:6:makeNodeStatusMessage	24	static
../Core/Src/main.c:1456:6:onTransferReceived	64	static
../Core/Src/main.c:1619:6:process1HzTasks	208	static
../Core/Src/main.c:1758:6:epos4_send_sdo_read	56	static
../Core/Src/main.c:1790:6:epos4_set_operation_mode	16	static
../Core/Src/main.c:1798:6:epos4_set_target_velocity	16	static
../Core/Src/main.c:1804:6:epos4_set_target_position	104	static
../Core/Src/main.c:1904:6:epos4_enable_motor	8	static
../Core/Src/main.c:1956:6:epos4_send_pdo	48	static
../Core/Src/main.c:1981:6:handle_ardupilot_command	32	static
../Core/Src/main.c:2025:6:EPOS4_SetControlWord	64	static
../Core/Src/main.c:2063:6:Error_Handler	8	static,ignoring_inline_asm
../Core/Src/main.c:2101:6:CANopen_NMT_Command	48	static
../Core/Src/main.c:2133:6:EPOS4_SetOperationMode	56	static
../Core/Src/main.c:2168:6:EPOS4_SetProfileVelocity	64	static
../Core/Src/main.c:2207:6:EPOS4_SetProfileAcceleration	64	static
../Core/Src/main.c:2246:6:EPOS4_SetProfileDeceleration	64	static
../Core/Src/main.c:2301:6:save_settings	8	static
../Core/Src/main.c:2314:6:handle_param_getset	240	static
../Core/Src/main.c:2492:6:send_get_node_info_request	48	static
../Core/Src/main.c:2511:10:micros64	56	static
../Core/Src/main.c:2532:7:translateEPOS4Position	24	static
../Core/Src/main.c:2557:7:getEPOS4NormalizedPosition	16	static
../Core/Src/main.c:2581:9:getNormalizedToEPOS4Position	24	static
../Core/Src/main.c:2605:6:send_actuator_status	128	static
../Core/Src/main.c:2674:6:epos4_read_position	56	static
../Core/Src/main.c:2712:10:encodeParamCanard	32	static
../Core/Src/main.c:2769:6:rawcmdHandleCanard	64	static
../Core/Src/main.c:2803:25:getParamByIndex	16	static
../Core/Src/main.c:2813:25:getParamByName	24	static
../Core/Src/main.c:2828:6:broadcast_all_parameters	32	static
../Core/Src/main.c:2888:6:handleActuatorArrayCommand	80	static
../Core/Src/main.c:3081:6:initializePositionParameters	48	static
../Core/Src/main.c:3142:6:epos4_send_sdo_write	80	static
../Core/Src/main.c:3212:6:broadcast_parameter	224	static
../Core/Src/main.c:3347:6:optimize_motion_parameters	72	static
../Core/Src/main.c:3455:5:force_motor_movement	24	static
../Core/Src/main.c:3621:6:wait_for_tx_complete	24	static
../Core/Src/main.c:3640:19:send_with_check	24	static
../Core/Src/main.c:3649:6:initParameters	24	static
../Core/Src/main.c:3692:6:check_epos4_status	48	static
../Core/Src/main.c:3752:6:save_position_to_flash	56	static
../Core/Src/main.c:3806:6:restore_position_from_flash	16	static
../Core/Src/main.c:3842:6:periodic_position_save	16	static
